[{"stream_name":"stdout","time":6771.233111304,"data":"{\n"}
,{"stream_name":"stdout","time":6771.233525945,"data":"  \"job\": \"paysim-byzantine-robustness-stratified\",\n"}
,{"stream_name":"stdout","time":6771.233534366,"data":"  \"cmd\": [\n"}
,{"stream_name":"stdout","time":6771.233537549,"data":"    \"experiments/byzantine_robustness_sweep.py\",\n"}
,{"stream_name":"stdout","time":6771.233540389,"data":"    \"--dataset\",\n"}
,{"stream_name":"stdout","time":6771.23354296,"data":"    \"paysim\",\n"}
,{"stream_name":"stdout","time":6771.233546113,"data":"    \"--partition\",\n"}
,{"stream_name":"stdout","time":6771.233548949,"data":"    \"stratified\"\n"}
,{"stream_name":"stdout","time":6771.233551517,"data":"  ],\n"}
,{"stream_name":"stdout","time":6771.23355425,"data":"  \"started\": \"2026-09-11 12:29:08\",\n"}
,{"stream_name":"stdout","time":6771.23355697,"data":"  \"bundle_sha256\": \"1d3029e4a01f77e2b8dd278425642495d3b04d834ea46bac796157da70d586cd\",\n"}
,{"stream_name":"stdout","time":6771.23355979,"data":"  \"pip\": {\n"}
,{"stream_name":"stdout","time":6771.233562356,"data":"    \"torch_rc\": 0,\n"}
,{"stream_name":"stdout","time":6771.23356491,"data":"    \"others_rc\": 0,\n"}
,{"stream_name":"stdout","time":6771.23356745,"data":"    \"stderr_tail\": \"\"\n"}
,{"stream_name":"stdout","time":6771.233570134,"data":"  },\n"}
,{"stream_name":"stdout","time":6771.233572521,"data":"  \"returncode\": 0,\n"}
,{"stream_name":"stdout","time":6771.233575202,"data":"  \"job_seconds\": 6679.7,\n"}
,{"stream_name":"stdout","time":6771.233577838,"data":"  \"job_torch_threads\": 4,\n"}
,{"stream_name":"stdout","time":6771.233580532,"data":"  \"imported_versions\": \"{\\\"python\\\": \\\"3.12.13\\\", \\\"torch\\\": \\\"2.12.0+cpu\\\", \\\"threads\\\": 2, \\\"numpy\\\": \\\"2.3.2\\\", \\\"scikit-learn\\\": \\\"1.8.0\\\", \\\"pandas\\\": \\\"3.0.2\\\", \\\"scipy\\\": \\\"1.17.1\\\", \\\"matplotlib\\\": \\\"3.10.8\\\"}\",\n"}
,{"stream_name":"stdout","time":6771.233587032,"data":"  \"laptop_versions\": {\n"}
,{"stream_name":"stdout","time":6771.233589646,"data":"    \"python\": \"3.13.7\",\n"}
,{"stream_name":"stdout","time":6771.233592234,"data":"    \"torch\": \"2.12.0\",\n"}
,{"stream_name":"stdout","time":6771.233594991,"data":"    \"numpy\": \"2.3.2\",\n"}
,{"stream_name":"stdout","time":6771.23359758,"data":"    \"scikit-learn\": \"1.8.0\",\n"}
,{"stream_name":"stdout","time":6771.233600417,"data":"    \"pandas\": \"3.0.2\",\n"}
,{"stream_name":"stdout","time":6771.233602957,"data":"    \"scipy\": \"1.17.1\",\n"}
,{"stream_name":"stdout","time":6771.233605543,"data":"    \"matplotlib\": \"3.10.8\"\n"}
,{"stream_name":"stdout","time":6771.233608149,"data":"  },\n"}
,{"stream_name":"stdout","time":6771.233610522,"data":"  \"bundle_commit\": \"6d8e41e8b19213128b54ad653defec1129f29aaf\",\n"}
,{"stream_name":"stdout","time":6771.23361315,"data":"  \"cpu_model\": \"Intel(R) Xeon(R) CPU @ 2.20GHz\",\n"}
,{"stream_name":"stdout","time":6771.23361592,"data":"  \"platform\": \"Linux-6.12.90+-x86_64-with-glibc2.35\",\n"}
,{"stream_name":"stdout","time":6771.233618491,"data":"  \"finished\": \"2026-09-11 14:21:58\",\n"}
,{"stream_name":"stdout","time":6771.233621245,"data":"  \"total_seconds\": 6770.4\n"}
,{"stream_name":"stdout","time":6771.23362388,"data":"}\n"}
,{"stream_name":"stderr","time":6780.439558261,"data":"/usr/local/lib/python3.12/dist-packages/mistune.py:435: SyntaxWarning: invalid escape sequence '\\|'\n"}
,{"stream_name":"stderr","time":6780.439781572,"data":"  cells[i][c] = re.sub('\\\\\\\\\\|', '|', cell)\n"}
,{"stream_name":"stderr","time":6781.523132945,"data":"/usr/local/lib/python3.12/dist-packages/nbconvert/filters/filter_links.py:36: SyntaxWarning: invalid escape sequence '\\_'\n"}
,{"stream_name":"stderr","time":6781.523611688,"data":"  text = re.sub(r'_', '\\_', text) # Escape underscores in display text\n"}
,{"stream_name":"stderr","time":6782.814413039,"data":"[NbConvertApp] Converting notebook __script__.ipynb to html\n"}
,{"stream_name":"stderr","time":6785.374023179,"data":"[NbConvertApp] Writing 303156 bytes to __results__.html\n"}
]