[{"stream_name":"stdout","time":424.030635759,"data":"{\n"}
,{"stream_name":"stdout","time":424.030702929,"data":"  \"job\": \"amlsim-private-incentive-stratified\",\n"}
,{"stream_name":"stdout","time":424.030708489,"data":"  \"cmd\": [\n"}
,{"stream_name":"stdout","time":424.030712249,"data":"    \"experiments/private_incentive_sweep.py\",\n"}
,{"stream_name":"stdout","time":424.030716229,"data":"    \"--dataset\",\n"}
,{"stream_name":"stdout","time":424.030719919,"data":"    \"amlsim\",\n"}
,{"stream_name":"stdout","time":424.030722849,"data":"    \"--partition\",\n"}
,{"stream_name":"stdout","time":424.030724839,"data":"    \"stratified\"\n"}
,{"stream_name":"stdout","time":424.030726789,"data":"  ],\n"}
,{"stream_name":"stdout","time":424.030728729,"data":"  \"started\": \"2026-09-11 14:05:08\",\n"}
,{"stream_name":"stdout","time":424.030730809,"data":"  \"bundle_sha256\": \"1d3029e4a01f77e2b8dd278425642495d3b04d834ea46bac796157da70d586cd\",\n"}
,{"stream_name":"stdout","time":424.030732879,"data":"  \"pip\": {\n"}
,{"stream_name":"stdout","time":424.030735009,"data":"    \"torch_rc\": 0,\n"}
,{"stream_name":"stdout","time":424.030737139,"data":"    \"others_rc\": 0,\n"}
,{"stream_name":"stdout","time":424.030739099,"data":"    \"stderr_tail\": \"\"\n"}
,{"stream_name":"stdout","time":424.030741069,"data":"  },\n"}
,{"stream_name":"stdout","time":424.030742939,"data":"  \"returncode\": 0,\n"}
,{"stream_name":"stdout","time":424.030744799,"data":"  \"job_seconds\": 335.4,\n"}
,{"stream_name":"stdout","time":424.030746729,"data":"  \"job_torch_threads\": 4,\n"}
,{"stream_name":"stdout","time":424.030748739,"data":"  \"imported_versions\": \"{\\\"python\\\": \\\"3.12.13\\\", \\\"torch\\\": \\\"2.12.0+cpu\\\", \\\"threads\\\": 2, \\\"numpy\\\": \\\"2.3.2\\\", \\\"scikit-learn\\\": \\\"1.8.0\\\", \\\"pandas\\\": \\\"3.0.2\\\", \\\"scipy\\\": \\\"1.17.1\\\", \\\"matplotlib\\\": \\\"3.10.8\\\"}\",\n"}
,{"stream_name":"stdout","time":424.030752949,"data":"  \"laptop_versions\": {\n"}
,{"stream_name":"stdout","time":424.030754959,"data":"    \"python\": \"3.13.7\",\n"}
,{"stream_name":"stdout","time":424.030758719,"data":"    \"torch\": \"2.12.0\",\n"}
,{"stream_name":"stdout","time":424.030761969,"data":"    \"numpy\": \"2.3.2\",\n"}
,{"stream_name":"stdout","time":424.030765319,"data":"    \"scikit-learn\": \"1.8.0\",\n"}
,{"stream_name":"stdout","time":424.030768849,"data":"    \"pandas\": \"3.0.2\",\n"}
,{"stream_name":"stdout","time":424.030772179,"data":"    \"scipy\": \"1.17.1\",\n"}
,{"stream_name":"stdout","time":424.030775799,"data":"    \"matplotlib\": \"3.10.8\"\n"}
,{"stream_name":"stdout","time":424.030779329,"data":"  },\n"}
,{"stream_name":"stdout","time":424.030782649,"data":"  \"bundle_commit\": \"6d8e41e8b19213128b54ad653defec1129f29aaf\",\n"}
,{"stream_name":"stdout","time":424.030786409,"data":"  \"cpu_model\": \"AMD EPYC 7B12\",\n"}
,{"stream_name":"stdout","time":424.030789709,"data":"  \"platform\": \"Linux-6.12.90+-x86_64-with-glibc2.35\",\n"}
,{"stream_name":"stdout","time":424.030793289,"data":"  \"finished\": \"2026-09-11 14:12:12\",\n"}
,{"stream_name":"stdout","time":424.030796869,"data":"  \"total_seconds\": 423.4\n"}
,{"stream_name":"stdout","time":424.030799829,"data":"}\n"}
,{"stream_name":"stderr","time":425.873901506,"data":"/usr/local/lib/python3.12/dist-packages/mistune.py:435: SyntaxWarning: invalid escape sequence '\\|'\n"}
,{"stream_name":"stderr","time":425.873967655,"data":"  cells[i][c] = re.sub('\\\\\\\\\\|', '|', cell)\n"}
,{"stream_name":"stderr","time":426.074164179,"data":"/usr/local/lib/python3.12/dist-packages/nbconvert/filters/filter_links.py:36: SyntaxWarning: invalid escape sequence '\\_'\n"}
,{"stream_name":"stderr","time":426.074200439,"data":"  text = re.sub(r'_', '\\_', text) # Escape underscores in display text\n"}
,{"stream_name":"stderr","time":426.634725382,"data":"[NbConvertApp] Converting notebook __script__.ipynb to html\n"}
,{"stream_name":"stderr","time":427.779183262,"data":"[NbConvertApp] Writing 303294 bytes to __results__.html\n"}
]