[2026-09-12 10:55:06] queue started: 7 job(s), max 5 at once
pushed handbook-grid-efficientnet               -> shadmansakib1566/fl-adtcn-handbook-grid-efficientnet  Kernel version 1 successfully pushed.  Please check progress at https://www.kaggle.com/code/shadmansakib1566/fl-adtcn-handbook-grid-efficientnet
[2026-09-12 10:55:12] handbook-grid-efficientnet: pushed
pushed handbook-grid-dtcn                       -> shadmansakib1566/fl-adtcn-handbook-grid-dtcn  Kernel version 1 successfully pushed.  Please check progress at https://www.kaggle.com/code/shadmansakib1566/fl-adtcn-handbook-grid-dtcn
[2026-09-12 10:55:19] handbook-grid-dtcn: pushed
pushed handbook-grid-dilated-attn               -> shadmansakib1566/fl-adtcn-handbook-grid-dilated-attn  Kernel version 1 successfully pushed.  Please check progress at https://www.kaggle.com/code/shadmansakib1566/fl-adtcn-handbook-grid-dilated-attn
[2026-09-12 10:55:25] handbook-grid-dilated-attn: pushed
pushed handbook-grid-lstm                       -> shadmansakib1566/fl-adtcn-handbook-grid-lstm  Kernel version 1 successfully pushed.  Please check progress at https://www.kaggle.com/code/shadmansakib1566/fl-adtcn-handbook-grid-lstm
[2026-09-12 10:55:32] handbook-grid-lstm: pushed
pushed handbook-grid-densenet                   -> shadmansakib1566/fl-adtcn-handbook-grid-densenet  Kernel version 1 successfully pushed.  Please check progress at https://www.kaggle.com/code/shadmansakib1566/fl-adtcn-handbook-grid-densenet
[2026-09-12 10:55:38] handbook-grid-densenet: pushed
handbook-grid-densenet: OK in 3562.6 s on Intel(R) Xeon(R) CPU @ 2.20GHz; imported 1 file(s)
[2026-09-12 12:00:56] handbook-grid-densenet: fetched
pushed handbook-grid-resnet                     -> shadmansakib1566/fl-adtcn-handbook-grid-resnet  Kernel version 1 successfully pushed.  Please check progress at https://www.kaggle.com/code/shadmansakib1566/fl-adtcn-handbook-grid-resnet
[2026-09-12 12:01:03] handbook-grid-resnet: pushed
handbook-grid-dilated-attn: OK in 4496.6 s on Intel(R) Xeon(R) CPU @ 2.20GHz; imported 1 file(s)
[2026-09-12 12:17:18] handbook-grid-dilated-attn: fetched
pushed handbook-grid-cnn                        -> shadmansakib1566/fl-adtcn-handbook-grid-cnn  Kernel version 1 successfully pushed.  Please check progress at https://www.kaggle.com/code/shadmansakib1566/fl-adtcn-handbook-grid-cnn
[2026-09-12 12:17:37] handbook-grid-cnn: pushed
handbook-grid-lstm: OK in 5236.6 s on Intel(R) Xeon(R) CPU @ 2.20GHz; imported 1 file(s)
[2026-09-12 12:28:24] handbook-grid-lstm: fetched
handbook-grid-dtcn: OK in 7051.3 s on Intel(R) Xeon(R) CPU @ 2.20GHz; imported 1 file(s)
[2026-09-12 12:55:12] handbook-grid-dtcn: fetched
handbook-grid-cnn: OK in 2178.4 s on Intel(R) Xeon(R) CPU @ 2.20GHz; imported 1 file(s)
[2026-09-12 13:00:49] handbook-grid-cnn: fetched
handbook-grid-resnet: OK in 4851.4 s on Intel(R) Xeon(R) CPU @ 2.20GHz; imported 1 file(s)
[2026-09-12 13:26:54] handbook-grid-resnet: fetched
handbook-grid-efficientnet: OK in 14757.4 s on Intel(R) Xeon(R) CPU @ 2.20GHz; imported 1 file(s)
[2026-09-12 15:08:38] handbook-grid-efficientnet: fetched
[2026-09-12 15:08:38] queue finished: handbook-grid-efficientnet=fetched, handbook-grid-dtcn=fetched, handbook-grid-dilated-attn=fetched, handbook-grid-lstm=fetched, handbook-grid-densenet=fetched, handbook-grid-resnet=fetched, handbook-grid-cnn=fetched
