[{"stream_name":"stdout","time":556.492192864,"data":"{\n"}
,{"stream_name":"stdout","time":556.492281824,"data":"  \"job\": \"amlsim-private-incentive-bank\",\n"}
,{"stream_name":"stdout","time":556.492286924,"data":"  \"cmd\": [\n"}
,{"stream_name":"stdout","time":556.492290174,"data":"    \"experiments/private_incentive_sweep.py\",\n"}
,{"stream_name":"stdout","time":556.492293404,"data":"    \"--dataset\",\n"}
,{"stream_name":"stdout","time":556.492296644,"data":"    \"amlsim\",\n"}
,{"stream_name":"stdout","time":556.492299654,"data":"    \"--partition\",\n"}
,{"stream_name":"stdout","time":556.492302914,"data":"    \"bank\"\n"}
,{"stream_name":"stdout","time":556.492306284,"data":"  ],\n"}
,{"stream_name":"stdout","time":556.492309124,"data":"  \"started\": \"2026-09-11 13:52:18\",\n"}
,{"stream_name":"stdout","time":556.492312344,"data":"  \"bundle_sha256\": \"1d3029e4a01f77e2b8dd278425642495d3b04d834ea46bac796157da70d586cd\",\n"}
,{"stream_name":"stdout","time":556.492315414,"data":"  \"pip\": {\n"}
,{"stream_name":"stdout","time":556.492318724,"data":"    \"torch_rc\": 0,\n"}
,{"stream_name":"stdout","time":556.492322054,"data":"    \"others_rc\": 0,\n"}
,{"stream_name":"stdout","time":556.492325084,"data":"    \"stderr_tail\": \"\"\n"}
,{"stream_name":"stdout","time":556.492328324,"data":"  },\n"}
,{"stream_name":"stdout","time":556.492331194,"data":"  \"returncode\": 0,\n"}
,{"stream_name":"stdout","time":556.492334084,"data":"  \"job_seconds\": 438.7,\n"}
,{"stream_name":"stdout","time":556.492337094,"data":"  \"job_torch_threads\": 4,\n"}
,{"stream_name":"stdout","time":556.492340074,"data":"  \"imported_versions\": \"{\\\"python\\\": \\\"3.12.13\\\", \\\"torch\\\": \\\"2.12.0+cpu\\\", \\\"threads\\\": 2, \\\"numpy\\\": \\\"2.3.2\\\", \\\"scikit-learn\\\": \\\"1.8.0\\\", \\\"pandas\\\": \\\"3.0.2\\\", \\\"scipy\\\": \\\"1.17.1\\\", \\\"matplotlib\\\": \\\"3.10.8\\\"}\",\n"}
,{"stream_name":"stdout","time":556.492347514,"data":"  \"laptop_versions\": {\n"}
,{"stream_name":"stdout","time":556.492350274,"data":"    \"python\": \"3.13.7\",\n"}
,{"stream_name":"stdout","time":556.492353314,"data":"    \"torch\": \"2.12.0\",\n"}
,{"stream_name":"stdout","time":556.492356744,"data":"    \"numpy\": \"2.3.2\",\n"}
,{"stream_name":"stdout","time":556.492360044,"data":"    \"scikit-learn\": \"1.8.0\",\n"}
,{"stream_name":"stdout","time":556.492363114,"data":"    \"pandas\": \"3.0.2\",\n"}
,{"stream_name":"stdout","time":556.492365764,"data":"    \"scipy\": \"1.17.1\",\n"}
,{"stream_name":"stdout","time":556.492368884,"data":"    \"matplotlib\": \"3.10.8\"\n"}
,{"stream_name":"stdout","time":556.492371894,"data":"  },\n"}
,{"stream_name":"stdout","time":556.492374894,"data":"  \"bundle_commit\": \"6d8e41e8b19213128b54ad653defec1129f29aaf\",\n"}
,{"stream_name":"stdout","time":556.492378264,"data":"  \"cpu_model\": \"AMD EPYC 7B12\",\n"}
,{"stream_name":"stdout","time":556.492381424,"data":"  \"platform\": \"Linux-6.12.90+-x86_64-with-glibc2.35\",\n"}
,{"stream_name":"stdout","time":556.492384714,"data":"  \"finished\": \"2026-09-11 14:01:33\",\n"}
,{"stream_name":"stdout","time":556.492387654,"data":"  \"total_seconds\": 555.3\n"}
,{"stream_name":"stdout","time":556.492390534,"data":"}\n"}
,{"stream_name":"stderr","time":559.415232762,"data":"/usr/local/lib/python3.12/dist-packages/mistune.py:435: SyntaxWarning: invalid escape sequence '\\|'\n"}
,{"stream_name":"stderr","time":559.415322562,"data":"  cells[i][c] = re.sub('\\\\\\\\\\|', '|', cell)\n"}
,{"stream_name":"stderr","time":559.832278521,"data":"/usr/local/lib/python3.12/dist-packages/nbconvert/filters/filter_links.py:36: SyntaxWarning: invalid escape sequence '\\_'\n"}
,{"stream_name":"stderr","time":559.832332561,"data":"  text = re.sub(r'_', '\\_', text) # Escape underscores in display text\n"}
,{"stream_name":"stderr","time":560.663551529,"data":"[NbConvertApp] Converting notebook __script__.ipynb to html\n"}
,{"stream_name":"stderr","time":562.771573594,"data":"[NbConvertApp] Writing 303282 bytes to __results__.html\n"}
]