[kaggle_job] torch threads = 4
==============================================================================
  CONTRIBUTION 1 (B1) — weight-channel  vs  output-channel incentive DP
  ε sweep=['1', '5', '10', '30', '50', '100', '300', '1000', '3000', '10000', '30000']
  repeats=100  epochs=12
==============================================================================
[B1]  trained BankA  (69,184 samples, noise=0%)
[B1]  trained BankB  (41,660 samples, noise=10%)
[B1]  trained BankC  (27,670 samples, noise=25%)

[B1]  GROUND TRUTH  w=[0.55, 0.316, 0.135]  tokens=[10.99, 6.31, 2.69]
[B1]  d_weights=102658  n_orgs=3  theory budget gain ≈ √(d/n) ≈ 185×

        ε |   WEIGHT inv  tok_err      ρ |   OUTPUT inv  tok_err      ρ |     s
  ------------------------------------------------------------------------------
        1 |    80/100       19.54  -0.02 |    67/100       20.01  +0.13 |    22
        5 |    83/100       20.52  -0.06 |    63/100       15.67  +0.28 |    22
       10 |    84/100       21.94  -0.13 |    53/100       11.15  +0.53 |    21
       30 |    82/100       25.20  -0.23 |    17/100        4.33  +0.91 |    21
       50 |    82/100       25.80  -0.24 |     5/100        2.68  +0.97 |    21
      100 |    78/100       24.67  -0.23 |     0/100        1.33  +1.00 |    22
      300 |    83/100       12.62  +0.03 |     0/100        0.44  +1.00 |    21
     1000 |    11/100        4.57  +0.94 |     0/100        0.13  +1.00 |    22
     3000 |     0/100        1.27  +1.00 |     0/100        0.04  +1.00 |    21
    10000 |     0/100        0.42  +1.00 |     0/100        0.01  +1.00 |    22
    30000 |     0/100        0.15  +1.00 |     0/100        0.00  +1.00 |    22

[B1]  ε* (largest unfair ε):  WEIGHT=1000.0   OUTPUT=50.0   → 20× budget improvement
[B1]    weight ε*=1000 decided by 11/100 draws (95 % CI 0.0562–0.1883)
[B1]    output ε*=50 decided by 5/100 draws (95 % CI 0.0164–0.1128)  ⚠ FRAGILE
[B1]  ordering (output ≤ weight inversions) holds at 11/11 budgets
[B1]  done in 431.6s
==============================================================================
[B1]  saved /tmp/repo/db_boa_framework/results/private_incentive_sweep_amlsim_bank.json
[B1]  saved /tmp/repo/db_boa_framework/results/private_incentive_channel_amlsim_bank.png
[B1]  wrote draft → /tmp/repo/final_report_data/TASKB1_private_incentive_results_amlsim_bank.md
