[{"stream_name":"stdout","time":6649.511096992,"data":"{\n"}
,{"stream_name":"stdout","time":6649.511445616,"data":"  \"job\": \"paysim-baselines-stratified\",\n"}
,{"stream_name":"stdout","time":6649.51145548,"data":"  \"cmd\": [\n"}
,{"stream_name":"stdout","time":6649.51146071,"data":"    \"run_baselines.py\",\n"}
,{"stream_name":"stdout","time":6649.511465776,"data":"    \"--dataset\",\n"}
,{"stream_name":"stdout","time":6649.511470225,"data":"    \"paysim\",\n"}
,{"stream_name":"stdout","time":6649.511474808,"data":"    \"--partition\",\n"}
,{"stream_name":"stdout","time":6649.511490924,"data":"    \"stratified\",\n"}
,{"stream_name":"stdout","time":6649.511496053,"data":"    \"--filters\",\n"}
,{"stream_name":"stdout","time":6649.51150074,"data":"    \"32\",\n"}
,{"stream_name":"stdout","time":6649.511505515,"data":"    \"--out\",\n"}
,{"stream_name":"stdout","time":6649.511510204,"data":"    \"baselines_paysim_stratified.json\"\n"}
,{"stream_name":"stdout","time":6649.511515359,"data":"  ],\n"}
,{"stream_name":"stdout","time":6649.511519721,"data":"  \"started\": \"2026-09-11 12:29:42\",\n"}
,{"stream_name":"stdout","time":6649.511524971,"data":"  \"bundle_sha256\": \"1d3029e4a01f77e2b8dd278425642495d3b04d834ea46bac796157da70d586cd\",\n"}
,{"stream_name":"stdout","time":6649.511530369,"data":"  \"pip\": {\n"}
,{"stream_name":"stdout","time":6649.511535146,"data":"    \"torch_rc\": 0,\n"}
,{"stream_name":"stdout","time":6649.511540043,"data":"    \"others_rc\": 0,\n"}
,{"stream_name":"stdout","time":6649.511545091,"data":"    \"stderr_tail\": \"\"\n"}
,{"stream_name":"stdout","time":6649.511549939,"data":"  },\n"}
,{"stream_name":"stdout","time":6649.511554293,"data":"  \"returncode\": 0,\n"}
,{"stream_name":"stdout","time":6649.511559484,"data":"  \"job_seconds\": 6532.8,\n"}
,{"stream_name":"stdout","time":6649.511564334,"data":"  \"job_torch_threads\": 4,\n"}
,{"stream_name":"stdout","time":6649.511569409,"data":"  \"imported_versions\": \"{\\\"python\\\": \\\"3.12.13\\\", \\\"torch\\\": \\\"2.12.0+cpu\\\", \\\"threads\\\": 2, \\\"numpy\\\": \\\"2.3.2\\\", \\\"scikit-learn\\\": \\\"1.8.0\\\", \\\"pandas\\\": \\\"3.0.2\\\", \\\"scipy\\\": \\\"1.17.1\\\", \\\"matplotlib\\\": \\\"3.10.8\\\"}\",\n"}
,{"stream_name":"stdout","time":6649.511580523,"data":"  \"laptop_versions\": {\n"}
,{"stream_name":"stdout","time":6649.511585276,"data":"    \"python\": \"3.13.7\",\n"}
,{"stream_name":"stdout","time":6649.511589941,"data":"    \"torch\": \"2.12.0\",\n"}
,{"stream_name":"stdout","time":6649.511594411,"data":"    \"numpy\": \"2.3.2\",\n"}
,{"stream_name":"stdout","time":6649.511599124,"data":"    \"scikit-learn\": \"1.8.0\",\n"}
,{"stream_name":"stdout","time":6649.511603552,"data":"    \"pandas\": \"3.0.2\",\n"}
,{"stream_name":"stdout","time":6649.511608304,"data":"    \"scipy\": \"1.17.1\",\n"}
,{"stream_name":"stdout","time":6649.511612909,"data":"    \"matplotlib\": \"3.10.8\"\n"}
,{"stream_name":"stdout","time":6649.511617614,"data":"  },\n"}
,{"stream_name":"stdout","time":6649.511621781,"data":"  \"bundle_commit\": \"6d8e41e8b19213128b54ad653defec1129f29aaf\",\n"}
,{"stream_name":"stdout","time":6649.511626758,"data":"  \"cpu_model\": \"Intel(R) Xeon(R) CPU @ 2.20GHz\",\n"}
,{"stream_name":"stdout","time":6649.511631548,"data":"  \"platform\": \"Linux-6.12.90+-x86_64-with-glibc2.35\",\n"}
,{"stream_name":"stdout","time":6649.511636358,"data":"  \"finished\": \"2026-09-11 14:20:31\",\n"}
,{"stream_name":"stdout","time":6649.51164107,"data":"  \"total_seconds\": 6648.6\n"}
,{"stream_name":"stdout","time":6649.511645617,"data":"}\n"}
,{"stream_name":"stderr","time":6652.396166881,"data":"/usr/local/lib/python3.12/dist-packages/mistune.py:435: SyntaxWarning: invalid escape sequence '\\|'\n"}
,{"stream_name":"stderr","time":6652.396281188,"data":"  cells[i][c] = re.sub('\\\\\\\\\\|', '|', cell)\n"}
,{"stream_name":"stderr","time":6652.724388251,"data":"/usr/local/lib/python3.12/dist-packages/nbconvert/filters/filter_links.py:36: SyntaxWarning: invalid escape sequence '\\_'\n"}
,{"stream_name":"stderr","time":6652.72442736,"data":"  text = re.sub(r'_', '\\_', text) # Escape underscores in display text\n"}
,{"stream_name":"stderr","time":6653.543689664,"data":"[NbConvertApp] Converting notebook __script__.ipynb to html\n"}
,{"stream_name":"stderr","time":6655.264571266,"data":"[NbConvertApp] Writing 303412 bytes to __results__.html\n"}
]