[{"stream_name":"stdout","time":5323.096737183,"data":"{\n"}
,{"stream_name":"stdout","time":5323.097023214,"data":"  \"job\": \"paysim-grid-lstm\",\n"}
,{"stream_name":"stdout","time":5323.097032036,"data":"  \"cmd\": [\n"}
,{"stream_name":"stdout","time":5323.097035654,"data":"    \"experiments/entity_temporal_grid.py\",\n"}
,{"stream_name":"stdout","time":5323.097038983,"data":"    \"--dataset\",\n"}
,{"stream_name":"stdout","time":5323.097042146,"data":"    \"paysim\",\n"}
,{"stream_name":"stdout","time":5323.097045143,"data":"    \"--archs\",\n"}
,{"stream_name":"stdout","time":5323.097048098,"data":"    \"lstm\",\n"}
,{"stream_name":"stdout","time":5323.097051179,"data":"    \"--out\",\n"}
,{"stream_name":"stdout","time":5323.097054196,"data":"    \"paysim_temporal_grid_lstm.json\"\n"}
,{"stream_name":"stdout","time":5323.097057386,"data":"  ],\n"}
,{"stream_name":"stdout","time":5323.09706045,"data":"  \"started\": \"2026-09-11 14:17:47\",\n"}
,{"stream_name":"stdout","time":5323.097063866,"data":"  \"bundle_sha256\": \"1d3029e4a01f77e2b8dd278425642495d3b04d834ea46bac796157da70d586cd\",\n"}
,{"stream_name":"stdout","time":5323.097067239,"data":"  \"pip\": {\n"}
,{"stream_name":"stdout","time":5323.097070314,"data":"    \"torch_rc\": 0,\n"}
,{"stream_name":"stdout","time":5323.097073358,"data":"    \"others_rc\": 0,\n"}
,{"stream_name":"stdout","time":5323.097076369,"data":"    \"stderr_tail\": \"\"\n"}
,{"stream_name":"stdout","time":5323.097079468,"data":"  },\n"}
,{"stream_name":"stdout","time":5323.097082276,"data":"  \"returncode\": 0,\n"}
,{"stream_name":"stdout","time":5323.097085306,"data":"  \"job_seconds\": 5224.3,\n"}
,{"stream_name":"stdout","time":5323.097088272,"data":"  \"job_torch_threads\": 4,\n"}
,{"stream_name":"stdout","time":5323.097091432,"data":"  \"imported_versions\": \"{\\\"python\\\": \\\"3.12.13\\\", \\\"torch\\\": \\\"2.12.0+cpu\\\", \\\"threads\\\": 2, \\\"numpy\\\": \\\"2.3.2\\\", \\\"scikit-learn\\\": \\\"1.8.0\\\", \\\"pandas\\\": \\\"3.0.2\\\", \\\"scipy\\\": \\\"1.17.1\\\", \\\"matplotlib\\\": \\\"3.10.8\\\"}\",\n"}
,{"stream_name":"stdout","time":5323.097098324,"data":"  \"laptop_versions\": {\n"}
,{"stream_name":"stdout","time":5323.097101729,"data":"    \"python\": \"3.13.7\",\n"}
,{"stream_name":"stdout","time":5323.097104806,"data":"    \"torch\": \"2.12.0\",\n"}
,{"stream_name":"stdout","time":5323.097107815,"data":"    \"numpy\": \"2.3.2\",\n"}
,{"stream_name":"stdout","time":5323.097110796,"data":"    \"scikit-learn\": \"1.8.0\",\n"}
,{"stream_name":"stdout","time":5323.097113922,"data":"    \"pandas\": \"3.0.2\",\n"}
,{"stream_name":"stdout","time":5323.097118669,"data":"    \"scipy\": \"1.17.1\",\n"}
,{"stream_name":"stdout","time":5323.097123307,"data":"    \"matplotlib\": \"3.10.8\"\n"}
,{"stream_name":"stdout","time":5323.097126662,"data":"  },\n"}
,{"stream_name":"stdout","time":5323.097129534,"data":"  \"bundle_commit\": \"6d8e41e8b19213128b54ad653defec1129f29aaf\",\n"}
,{"stream_name":"stdout","time":5323.097132839,"data":"  \"cpu_model\": \"Intel(R) Xeon(R) CPU @ 2.20GHz\",\n"}
,{"stream_name":"stdout","time":5323.097137362,"data":"  \"platform\": \"Linux-6.12.90+-x86_64-with-glibc2.35\",\n"}
,{"stream_name":"stdout","time":5323.097142256,"data":"  \"finished\": \"2026-09-11 15:46:29\",\n"}
,{"stream_name":"stdout","time":5323.097145779,"data":"  \"total_seconds\": 5322.3\n"}
,{"stream_name":"stdout","time":5323.097148959,"data":"}\n"}
,{"stream_name":"stderr","time":5325.941302078,"data":"/usr/local/lib/python3.12/dist-packages/mistune.py:435: SyntaxWarning: invalid escape sequence '\\|'\n"}
,{"stream_name":"stderr","time":5325.941366773,"data":"  cells[i][c] = re.sub('\\\\\\\\\\|', '|', cell)\n"}
,{"stream_name":"stderr","time":5326.258626339,"data":"/usr/local/lib/python3.12/dist-packages/nbconvert/filters/filter_links.py:36: SyntaxWarning: invalid escape sequence '\\_'\n"}
,{"stream_name":"stderr","time":5326.25866063,"data":"  text = re.sub(r'_', '\\_', text) # Escape underscores in display text\n"}
,{"stream_name":"stderr","time":5327.073290616,"data":"[NbConvertApp] Converting notebook __script__.ipynb to html\n"}
,{"stream_name":"stderr","time":5328.740129616,"data":"[NbConvertApp] Writing 303275 bytes to __results__.html\n"}
]