preflight OK  torch 2.12.0+cpu  default threads 4
interpreter : C:\Users\Shadman\AppData\Local\Programs\Python\Python313\python.exe
workers     : 4 x 2 threads (multiseed pool)

OBJ-13 ULB regeneration, started 2026-09-11 16:20:57

=== multiseed pool: 12 runs, 4 at a time  (2026-09-11 16:20:57) ===
    start repro_hand_set_default_s42  (pid 20352, 16:20:57)
    start repro_dbboa_tuned_s42  (pid 26936, 16:20:57)
    start dbboa_repaired_deterministic_s42  (pid 13780, 16:20:57)
    start dbboa_repaired_averaged_s42  (pid 19368, 16:20:57)
    OK    repro_hand_set_default_s42  (18:00:01)
    start dbboa_repaired_deterministic_s43  (pid 12256, 18:00:01)
    OK    repro_dbboa_tuned_s42  (18:02:01)
    start dbboa_repaired_averaged_s43  (pid 13136, 18:02:02)
    OK    dbboa_repaired_deterministic_s42  (18:06:02)
    OK    dbboa_repaired_averaged_s42  (18:06:02)
    start dbboa_repaired_deterministic_s44  (pid 24296, 18:06:02)
    start dbboa_repaired_averaged_s44  (pid 29248, 18:06:02)
    OK    dbboa_repaired_deterministic_s43  (19:22:05)
    start dbboa_repaired_deterministic_s45  (pid 19564, 19:22:05)
    OK    dbboa_repaired_averaged_s43  (19:23:05)
    start dbboa_repaired_averaged_s45  (pid 19708, 19:23:05)
    OK    dbboa_repaired_averaged_s44  (19:29:05)
    OK    dbboa_repaired_deterministic_s44  (19:29:05)
    start dbboa_repaired_deterministic_s46  (pid 7048, 19:29:05)
    start dbboa_repaired_averaged_s46  (pid 14144, 19:29:05)
    OK    dbboa_repaired_deterministic_s45  (20:40:37)
    OK    dbboa_repaired_averaged_s45  (20:41:38)
    OK    dbboa_repaired_averaged_s46  (20:44:38)
    OK    dbboa_repaired_deterministic_s46  (20:45:08)

=== check_detector_repro  (2026-09-11 20:45:08) ===
    OK    check_detector_repro  (20:45:08)

=== multiseed_collect  (2026-09-11 20:45:08) ===
    OK    multiseed_collect  (20:45:09)

=== main_ulb  (2026-09-11 20:45:09) ===
    FAIL  main_ulb  (exit 1) - see results\_obj13_logs\ulb_regen\main_ulb.err.log
      Traceback (most recent call last):
        File "D:\THESIS\FINAL PROJECT\DB-BOA-FEL-ADTCN-Hyperledger-Fabric-main\db_boa_framework\main.py", line 642, in <module>
          main()
          ~~~~^^
        File "D:\THESIS\FINAL PROJECT\DB-BOA-FEL-ADTCN-Hyperledger-Fabric-main\db_boa_framework\main.py", line 557, in main
          name: m.evaluate(X_test, y_test, verbose=False,
                ~~~~~~~~~~^^^^^^^^^^^^^^^^^^^^^^^^^^^^^^^
                           groups=test_groups)
                           ^^^^^^^^^^^^^^^^^^^
        File "D:\THESIS\FINAL PROJECT\DB-BOA-FEL-ADTCN-Hyperledger-Fabric-main\db_boa_framework\models\adtcn.py", line 771, in evaluate
          y_pred  = self.predict(X_test, groups=groups)
      TypeError: main.<locals>.<lambda>() got an unexpected keyword argument 'groups'

=== baselines_ulb  (2026-09-11 22:51:00) ===
    OK    baselines_ulb  (01:48:49)

OBJ-13 ULB regeneration finished 2026-09-12 01:48:49
FAILED: main_ulb
