[kaggle_job] torch threads = 4
======================================================================
  TASK D — STATISTICAL BYZANTINE FAULT TOLERANCE (Krum at f ≥ 1)
  regimes=[(5, 1, 1), (7, 2, 2)]  attacks=['sign-flip', 'scaled', 'gaussian', 'label-flip']  epochs=12
======================================================================

[D]  ── regime n=5, f=1, attackers=1 (n≥2f+3 ⇒ 5 ≥ 5) ──
[D]  n=5 trained honest Bank01  bal-acc=50.42%
[D]  n=5 trained honest Bank02  bal-acc=49.94%
[D]  n=5 trained honest Bank03  bal-acc=49.95%
[D]  n=5 trained honest Bank04  bal-acc=49.28%
[D]  n=5 trained honest Bank05  bal-acc=49.84%
[D]  n=5 f=1  sign-flip  Krum→Bank02  attacker REJECTED ✓  krum=49.9%  fedavg=50.0%  Δ=-0.1%
[D]  n=5 f=1  scaled     Krum→Bank02  attacker REJECTED ✓  krum=49.9%  fedavg=49.9%  Δ=+0.0%
[D]  n=5 f=1  gaussian   Krum→Bank02  attacker REJECTED ✓  krum=49.9%  fedavg=50.0%  Δ=-0.1%
[D]  n=5 f=1  label-flip Krum→Bank02  attacker REJECTED ✓  krum=49.9%  fedavg=50.0%  Δ=-0.1%

[D]  ── regime n=7, f=2, attackers=2 (n≥2f+3 ⇒ 7 ≥ 7) ──
[D]  n=7 trained honest Bank01  bal-acc=49.89%
[D]  n=7 trained honest Bank02  bal-acc=49.95%
[D]  n=7 trained honest Bank03  bal-acc=49.20%
[D]  n=7 trained honest Bank04  bal-acc=47.51%
[D]  n=7 trained honest Bank05  bal-acc=50.00%
[D]  n=7 trained honest Bank06  bal-acc=49.99%
[D]  n=7 trained honest Bank07  bal-acc=46.40%
[D]  n=7 f=2  sign-flip  Krum→Bank02  attacker REJECTED ✓  krum=50.0%  fedavg=48.6%  Δ=+1.4%
[D]  n=7 f=2  scaled     Krum→Bank02  attacker REJECTED ✓  krum=50.0%  fedavg=50.0%  Δ=-0.0%
[D]  n=7 f=2  gaussian   Krum→Bank02  attacker REJECTED ✓  krum=50.0%  fedavg=50.0%  Δ=-0.0%
[D]  n=7 f=2  label-flip Krum→Bank02  attacker REJECTED ✓  krum=50.0%  fedavg=49.7%  Δ=+0.3%

[D]  done in 411.6s
[D]  saved /tmp/repo/db_boa_framework/results/byzantine_robustness_sweep_amlsim_stratified.json
[D]  saved /tmp/repo/db_boa_framework/results/byzantine_robustness_krum_vs_fedavg_amlsim_stratified.png
[D]  wrote draft → /tmp/repo/final_report_data/TASKD_byzantine_robustness_results_amlsim_stratified.md
