[kaggle_job] torch threads = 4
==============================================================================
  OBJ-16 (d) — HANDBOOK ENTITY-LINKED TEMPORAL GRID
  ordering x architecture   |  epochs=10  filters=32  seeds=[42, 7, 123]  batch=2048  threads=4
==============================================================================
[HANDBOOK] 1,754,155 transactions | 4,990 customers | 10,000 terminals | days 0-182
[HANDBOOK] fraud 14,681 (0.837 %)
  [  global] rows=1,754,155  features=35  P(fraud | prev row fraud)=0.0084  base=0.0084
  [customer] rows=1,754,155  features=35  P(fraud | prev row fraud)=0.1121  base=0.0084
  [terminal] rows=1,754,155  features=35  P(fraud | prev row fraud)=0.6034  base=0.0084
  integrity OK: all three arms train on 1,226,990 rows (9,991 fraud) and test on 354,643 rows (3,177 fraud)

  --- reference: per-transaction, no window (seq_len=1) ---
      reference MCC=+0.0962 +/- 0.004  Prec=4.4  Rec=31.0

               CNN |   global-window  MCC=+0.0849 +/- 0.014  Prec=  3.6  Rec= 32.7  FP=28945  (208s/seed)
               CNN | customer-window  MCC=+0.0631 +/- 0.005  Prec=  2.1  Rec= 45.4  FP=67030  (229s/seed)
               CNN | terminal-window  MCC=+0.0583 +/- 0.009  Prec=  2.3  Rec= 33.5  FP=45151  (196s/seed)

------------------------------------------------------------------------------
  customer-linked beats global for 0 of 1 architectures  (gain -0.0219 to -0.0219)
  terminal-linked beats global for 0 of 1 architectures  (gain -0.0266 to -0.0266)
  terminal gain > customer gain for 0 of 1
------------------------------------------------------------------------------

  wrote /tmp/repo/db_boa_framework/results/handbook_temporal_grid_cnn.json
