[kaggle_job] torch threads = 4
==============================================================================
  CONTRIBUTION 1 (B1) — weight-channel  vs  output-channel incentive DP
  ε sweep=['1', '5', '10', '30', '50', '100', '300', '1000', '3000', '10000', '30000']
  repeats=100  epochs=12
==============================================================================
[B1]  trained BankA  (969,242 samples, noise=0%)
[B1]  trained BankB  (581,545 samples, noise=10%)
[B1]  trained BankC  (387,697 samples, noise=25%)

[B1]  GROUND TRUTH  w=[0.863, 0.086, 0.051]  tokens=[17.26, 1.72, 1.02]
[B1]  d_weights=114178  n_orgs=3  theory budget gain ≈ √(d/n) ≈ 195×

        ε |   WEIGHT inv  tok_err      ρ |   OUTPUT inv  tok_err      ρ |     s
  ------------------------------------------------------------------------------
        1 |    74/100       22.65  +0.05 |    65/100       22.67  +0.18 |    25
        5 |    75/100       23.86  +0.00 |    59/100       15.31  +0.43 |    25
       10 |    77/100       25.34  -0.08 |    48/100        9.63  +0.64 |    25
       30 |    82/100       29.03  -0.30 |    40/100        4.86  +0.78 |    25
       50 |    89/100       31.82  -0.43 |    40/100        3.49  +0.79 |    25
      100 |    97/100       34.22  -0.51 |    27/100        2.04  +0.86 |    25
      300 |    70/100       11.00  +0.50 |     6/100        0.71  +0.97 |    25
     1000 |    67/100        7.64  +0.66 |     0/100        0.21  +1.00 |    25
     3000 |    66/100        3.84  +0.67 |     0/100        0.07  +1.00 |    25
    10000 |    42/100        1.34  +0.79 |     0/100        0.02  +1.00 |    25
    30000 |     1/100        0.47  +0.99 |     0/100        0.01  +1.00 |    25

[B1]  ε* (largest unfair ε):  WEIGHT=30000.0 (CENSORED)   OUTPUT=300.0   → ≥100× budget improvement
[B1]    weight ε*=30000 decided by 1/100 draws (95 % CI 0.0003–0.0545)  ⚠ FRAGILE
[B1]    output ε*=300 decided by 6/100 draws (95 % CI 0.0223–0.1260)
[B1]  ordering (output ≤ weight inversions) holds at 11/11 budgets
[B1]  done in 3144.7s
==============================================================================
[B1]  saved /tmp/repo/db_boa_framework/results/private_incentive_sweep_paysim_stratified.json
[B1]  saved /tmp/repo/db_boa_framework/results/private_incentive_channel_paysim_stratified.png
[B1]  wrote draft → /tmp/repo/final_report_data/TASKB1_private_incentive_results_paysim_stratified.md
