[{"stream_name":"stdout","time":5343.605231773,"data":"{\n"}
,{"stream_name":"stdout","time":5343.60539992,"data":"  \"job\": \"handbook-grid-lstm\",\n"}
,{"stream_name":"stdout","time":5343.60540646,"data":"  \"cmd\": [\n"}
,{"stream_name":"stdout","time":5343.605409813,"data":"    \"experiments/handbook_temporal_grid.py\",\n"}
,{"stream_name":"stdout","time":5343.605413186,"data":"    \"--archs\",\n"}
,{"stream_name":"stdout","time":5343.60541637,"data":"    \"lstm\",\n"}
,{"stream_name":"stdout","time":5343.60541931,"data":"    \"--out\",\n"}
,{"stream_name":"stdout","time":5343.605422498,"data":"    \"handbook_temporal_grid_lstm.json\",\n"}
,{"stream_name":"stdout","time":5343.605425598,"data":"    \"--skip-reference\"\n"}
,{"stream_name":"stdout","time":5343.605428691,"data":"  ],\n"}
,{"stream_name":"stdout","time":5343.605431655,"data":"  \"started\": \"2026-09-12 04:55:36\",\n"}
,{"stream_name":"stdout","time":5343.605434963,"data":"  \"bundle_sha256\": \"53e62e9bb69a65e5f6fa181753085e95acdaca89035d79180fac60555a1f2ed6\",\n"}
,{"stream_name":"stdout","time":5343.605438343,"data":"  \"pip\": {\n"}
,{"stream_name":"stdout","time":5343.605441404,"data":"    \"torch_rc\": 0,\n"}
,{"stream_name":"stdout","time":5343.605444426,"data":"    \"others_rc\": 0,\n"}
,{"stream_name":"stdout","time":5343.605447545,"data":"    \"stderr_tail\": \"\"\n"}
,{"stream_name":"stdout","time":5343.605500253,"data":"  },\n"}
,{"stream_name":"stdout","time":5343.605505567,"data":"  \"returncode\": 0,\n"}
,{"stream_name":"stdout","time":5343.605510363,"data":"  \"job_seconds\": 5236.6,\n"}
,{"stream_name":"stdout","time":5343.605515398,"data":"  \"job_torch_threads\": 4,\n"}
,{"stream_name":"stdout","time":5343.605520804,"data":"  \"imported_versions\": \"{\\\"python\\\": \\\"3.12.13\\\", \\\"torch\\\": \\\"2.12.0+cpu\\\", \\\"threads\\\": 2, \\\"numpy\\\": \\\"2.3.2\\\", \\\"scikit-learn\\\": \\\"1.8.0\\\", \\\"pandas\\\": \\\"3.0.2\\\", \\\"scipy\\\": \\\"1.17.1\\\", \\\"matplotlib\\\": \\\"3.10.8\\\"}\",\n"}
,{"stream_name":"stdout","time":5343.605528231,"data":"  \"laptop_versions\": {\n"}
,{"stream_name":"stdout","time":5343.60553143,"data":"    \"python\": \"3.13.7\",\n"}
,{"stream_name":"stdout","time":5343.605534586,"data":"    \"torch\": \"2.12.0\",\n"}
,{"stream_name":"stdout","time":5343.605537684,"data":"    \"numpy\": \"2.3.2\",\n"}
,{"stream_name":"stdout","time":5343.605541018,"data":"    \"scikit-learn\": \"1.8.0\",\n"}
,{"stream_name":"stdout","time":5343.605544066,"data":"    \"pandas\": \"3.0.2\",\n"}
,{"stream_name":"stdout","time":5343.605547056,"data":"    \"scipy\": \"1.17.1\",\n"}
,{"stream_name":"stdout","time":5343.60555001,"data":"    \"matplotlib\": \"3.10.8\"\n"}
,{"stream_name":"stdout","time":5343.605553103,"data":"  },\n"}
,{"stream_name":"stdout","time":5343.605556035,"data":"  \"bundle_commit\": \"6d8e41e8b19213128b54ad653defec1129f29aaf\",\n"}
,{"stream_name":"stdout","time":5343.60555929,"data":"  \"cpu_model\": \"Intel(R) Xeon(R) CPU @ 2.20GHz\",\n"}
,{"stream_name":"stdout","time":5343.605562429,"data":"  \"platform\": \"Linux-6.12.90+-x86_64-with-glibc2.35\",\n"}
,{"stream_name":"stdout","time":5343.605565687,"data":"  \"finished\": \"2026-09-12 06:24:39\",\n"}
,{"stream_name":"stdout","time":5343.60556875,"data":"  \"total_seconds\": 5342.6\n"}
,{"stream_name":"stdout","time":5343.605572026,"data":"}\n"}
,{"stream_name":"stderr","time":5346.440933447,"data":"/usr/local/lib/python3.12/dist-packages/mistune.py:435: SyntaxWarning: invalid escape sequence '\\|'\n"}
,{"stream_name":"stderr","time":5346.440986157,"data":"  cells[i][c] = re.sub('\\\\\\\\\\|', '|', cell)\n"}
,{"stream_name":"stderr","time":5346.764663004,"data":"/usr/local/lib/python3.12/dist-packages/nbconvert/filters/filter_links.py:36: SyntaxWarning: invalid escape sequence '\\_'\n"}
,{"stream_name":"stderr","time":5346.764716472,"data":"  text = re.sub(r'_', '\\_', text) # Escape underscores in display text\n"}
,{"stream_name":"stderr","time":5347.592652316,"data":"[NbConvertApp] Converting notebook __script__.ipynb to html\n"}
,{"stream_name":"stderr","time":5349.295717063,"data":"[NbConvertApp] Writing 303192 bytes to __results__.html\n"}
]