[{"stream_name":"stdout","time":606.847310518,"data":"{\n"}
,{"stream_name":"stdout","time":606.847438796,"data":"  \"job\": \"amlsim-baselines-bank\",\n"}
,{"stream_name":"stdout","time":606.847444791,"data":"  \"cmd\": [\n"}
,{"stream_name":"stdout","time":606.847447622,"data":"    \"run_baselines.py\",\n"}
,{"stream_name":"stdout","time":606.847450309,"data":"    \"--dataset\",\n"}
,{"stream_name":"stdout","time":606.847452804,"data":"    \"amlsim\",\n"}
,{"stream_name":"stdout","time":606.847455336,"data":"    \"--partition\",\n"}
,{"stream_name":"stdout","time":606.847457968,"data":"    \"bank\",\n"}
,{"stream_name":"stdout","time":606.847460416,"data":"    \"--filters\",\n"}
,{"stream_name":"stdout","time":606.847462938,"data":"    \"32\",\n"}
,{"stream_name":"stdout","time":606.847465407,"data":"    \"--out\",\n"}
,{"stream_name":"stdout","time":606.847467957,"data":"    \"baselines_amlsim_bank.json\"\n"}
,{"stream_name":"stdout","time":606.847470518,"data":"  ],\n"}
,{"stream_name":"stdout","time":606.847473085,"data":"  \"started\": \"2026-09-11 13:39:17\",\n"}
,{"stream_name":"stdout","time":606.847475683,"data":"  \"bundle_sha256\": \"1d3029e4a01f77e2b8dd278425642495d3b04d834ea46bac796157da70d586cd\",\n"}
,{"stream_name":"stdout","time":606.847478547,"data":"  \"pip\": {\n"}
,{"stream_name":"stdout","time":606.847480987,"data":"    \"torch_rc\": 0,\n"}
,{"stream_name":"stdout","time":606.847483488,"data":"    \"others_rc\": 0,\n"}
,{"stream_name":"stdout","time":606.847486011,"data":"    \"stderr_tail\": \"\"\n"}
,{"stream_name":"stdout","time":606.847488529,"data":"  },\n"}
,{"stream_name":"stdout","time":606.847490871,"data":"  \"returncode\": 0,\n"}
,{"stream_name":"stdout","time":606.847493307,"data":"  \"job_seconds\": 506.5,\n"}
,{"stream_name":"stdout","time":606.847495775,"data":"  \"job_torch_threads\": 4,\n"}
,{"stream_name":"stdout","time":606.847498576,"data":"  \"imported_versions\": \"{\\\"python\\\": \\\"3.12.13\\\", \\\"torch\\\": \\\"2.12.0+cpu\\\", \\\"threads\\\": 2, \\\"numpy\\\": \\\"2.3.2\\\", \\\"scikit-learn\\\": \\\"1.8.0\\\", \\\"pandas\\\": \\\"3.0.2\\\", \\\"scipy\\\": \\\"1.17.1\\\", \\\"matplotlib\\\": \\\"3.10.8\\\"}\",\n"}
,{"stream_name":"stdout","time":606.847504377,"data":"  \"laptop_versions\": {\n"}
,{"stream_name":"stdout","time":606.84750711,"data":"    \"python\": \"3.13.7\",\n"}
,{"stream_name":"stdout","time":606.847509742,"data":"    \"torch\": \"2.12.0\",\n"}
,{"stream_name":"stdout","time":606.847512291,"data":"    \"numpy\": \"2.3.2\",\n"}
,{"stream_name":"stdout","time":606.847514736,"data":"    \"scikit-learn\": \"1.8.0\",\n"}
,{"stream_name":"stdout","time":606.847517288,"data":"    \"pandas\": \"3.0.2\",\n"}
,{"stream_name":"stdout","time":606.847519727,"data":"    \"scipy\": \"1.17.1\",\n"}
,{"stream_name":"stdout","time":606.847522365,"data":"    \"matplotlib\": \"3.10.8\"\n"}
,{"stream_name":"stdout","time":606.847524964,"data":"  },\n"}
,{"stream_name":"stdout","time":606.847527405,"data":"  \"bundle_commit\": \"6d8e41e8b19213128b54ad653defec1129f29aaf\",\n"}
,{"stream_name":"stdout","time":606.847530293,"data":"  \"cpu_model\": \"Intel(R) Xeon(R) CPU @ 2.20GHz\",\n"}
,{"stream_name":"stdout","time":606.847532924,"data":"  \"platform\": \"Linux-6.12.90+-x86_64-with-glibc2.35\",\n"}
,{"stream_name":"stdout","time":606.847538702,"data":"  \"finished\": \"2026-09-11 13:49:23\",\n"}
,{"stream_name":"stdout","time":606.847541337,"data":"  \"total_seconds\": 605.9\n"}
,{"stream_name":"stdout","time":606.847543991,"data":"}\n"}
,{"stream_name":"stderr","time":609.356109983,"data":"/usr/local/lib/python3.12/dist-packages/mistune.py:435: SyntaxWarning: invalid escape sequence '\\|'\n"}
,{"stream_name":"stderr","time":609.356184601,"data":"  cells[i][c] = re.sub('\\\\\\\\\\|', '|', cell)\n"}
,{"stream_name":"stderr","time":609.647444471,"data":"/usr/local/lib/python3.12/dist-packages/nbconvert/filters/filter_links.py:36: SyntaxWarning: invalid escape sequence '\\_'\n"}
,{"stream_name":"stderr","time":609.647471673,"data":"  text = re.sub(r'_', '\\_', text) # Escape underscores in display text\n"}
,{"stream_name":"stderr","time":610.405223331,"data":"[NbConvertApp] Converting notebook __script__.ipynb to html\n"}
,{"stream_name":"stderr","time":611.985937519,"data":"[NbConvertApp] Writing 303538 bytes to __results__.html\n"}
]