[{"stream_name":"stdout","time":4938.379578505,"data":"{\n"}
,{"stream_name":"stdout","time":4938.379696855,"data":"  \"job\": \"handbook-grid-resnet\",\n"}
,{"stream_name":"stdout","time":4938.379702751,"data":"  \"cmd\": [\n"}
,{"stream_name":"stdout","time":4938.379706754,"data":"    \"experiments/handbook_temporal_grid.py\",\n"}
,{"stream_name":"stdout","time":4938.379711291,"data":"    \"--archs\",\n"}
,{"stream_name":"stdout","time":4938.37971533,"data":"    \"resnet\",\n"}
,{"stream_name":"stdout","time":4938.379719252,"data":"    \"--out\",\n"}
,{"stream_name":"stdout","time":4938.379723007,"data":"    \"handbook_temporal_grid_resnet.json\",\n"}
,{"stream_name":"stdout","time":4938.379727565,"data":"    \"--skip-reference\"\n"}
,{"stream_name":"stdout","time":4938.37973144,"data":"  ],\n"}
,{"stream_name":"stdout","time":4938.379735509,"data":"  \"started\": \"2026-09-12 06:01:05\",\n"}
,{"stream_name":"stdout","time":4938.379739814,"data":"  \"bundle_sha256\": \"53e62e9bb69a65e5f6fa181753085e95acdaca89035d79180fac60555a1f2ed6\",\n"}
,{"stream_name":"stdout","time":4938.379744294,"data":"  \"pip\": {\n"}
,{"stream_name":"stdout","time":4938.379748033,"data":"    \"torch_rc\": 0,\n"}
,{"stream_name":"stdout","time":4938.379752067,"data":"    \"others_rc\": 0,\n"}
,{"stream_name":"stdout","time":4938.379756018,"data":"    \"stderr_tail\": \"\"\n"}
,{"stream_name":"stdout","time":4938.379760127,"data":"  },\n"}
,{"stream_name":"stdout","time":4938.379764047,"data":"  \"returncode\": 0,\n"}
,{"stream_name":"stdout","time":4938.379768484,"data":"  \"job_seconds\": 4851.4,\n"}
,{"stream_name":"stdout","time":4938.379772458,"data":"  \"job_torch_threads\": 4,\n"}
,{"stream_name":"stdout","time":4938.379776534,"data":"  \"imported_versions\": \"{\\\"python\\\": \\\"3.12.13\\\", \\\"torch\\\": \\\"2.12.0+cpu\\\", \\\"threads\\\": 2, \\\"numpy\\\": \\\"2.3.2\\\", \\\"scikit-learn\\\": \\\"1.8.0\\\", \\\"pandas\\\": \\\"3.0.2\\\", \\\"scipy\\\": \\\"1.17.1\\\", \\\"matplotlib\\\": \\\"3.10.8\\\"}\",\n"}
,{"stream_name":"stdout","time":4938.379785351,"data":"  \"laptop_versions\": {\n"}
,{"stream_name":"stdout","time":4938.379789067,"data":"    \"python\": \"3.13.7\",\n"}
,{"stream_name":"stdout","time":4938.379793112,"data":"    \"torch\": \"2.12.0\",\n"}
,{"stream_name":"stdout","time":4938.379796913,"data":"    \"numpy\": \"2.3.2\",\n"}
,{"stream_name":"stdout","time":4938.379801126,"data":"    \"scikit-learn\": \"1.8.0\",\n"}
,{"stream_name":"stdout","time":4938.379806082,"data":"    \"pandas\": \"3.0.2\",\n"}
,{"stream_name":"stdout","time":4938.379811052,"data":"    \"scipy\": \"1.17.1\",\n"}
,{"stream_name":"stdout","time":4938.379816345,"data":"    \"matplotlib\": \"3.10.8\"\n"}
,{"stream_name":"stdout","time":4938.37982132,"data":"  },\n"}
,{"stream_name":"stdout","time":4938.379826076,"data":"  \"bundle_commit\": \"6d8e41e8b19213128b54ad653defec1129f29aaf\",\n"}
,{"stream_name":"stdout","time":4938.379831428,"data":"  \"cpu_model\": \"Intel(R) Xeon(R) CPU @ 2.20GHz\",\n"}
,{"stream_name":"stdout","time":4938.379836612,"data":"  \"platform\": \"Linux-6.12.90+-x86_64-with-glibc2.35\",\n"}
,{"stream_name":"stdout","time":4938.379841643,"data":"  \"finished\": \"2026-09-12 07:23:23\",\n"}
,{"stream_name":"stdout","time":4938.379846595,"data":"  \"total_seconds\": 4937.7\n"}
,{"stream_name":"stdout","time":4938.379852031,"data":"}\n"}
,{"stream_name":"stderr","time":4940.488711527,"data":"/usr/local/lib/python3.12/dist-packages/mistune.py:435: SyntaxWarning: invalid escape sequence '\\|'\n"}
,{"stream_name":"stderr","time":4940.48874887,"data":"  cells[i][c] = re.sub('\\\\\\\\\\|', '|', cell)\n"}
,{"stream_name":"stderr","time":4940.723136807,"data":"/usr/local/lib/python3.12/dist-packages/nbconvert/filters/filter_links.py:36: SyntaxWarning: invalid escape sequence '\\_'\n"}
,{"stream_name":"stderr","time":4940.723181783,"data":"  text = re.sub(r'_', '\\_', text) # Escape underscores in display text\n"}
,{"stream_name":"stderr","time":4941.340448287,"data":"[NbConvertApp] Converting notebook __script__.ipynb to html\n"}
,{"stream_name":"stderr","time":4942.631165392,"data":"[NbConvertApp] Writing 303198 bytes to __results__.html\n"}
]