[{"stream_name":"stdout","time":260.77252552,"data":"{\n"}
,{"stream_name":"stdout","time":260.77259653,"data":"  \"job\": \"amlsim-economic-byzantine-bank\",\n"}
,{"stream_name":"stdout","time":260.77260218,"data":"  \"cmd\": [\n"}
,{"stream_name":"stdout","time":260.77260609,"data":"    \"experiments/economic_byzantine_sweep.py\",\n"}
,{"stream_name":"stdout","time":260.77260981,"data":"    \"--dataset\",\n"}
,{"stream_name":"stdout","time":260.77261329,"data":"    \"amlsim\",\n"}
,{"stream_name":"stdout","time":260.77261653,"data":"    \"--partition\",\n"}
,{"stream_name":"stdout","time":260.77261972,"data":"    \"bank\"\n"}
,{"stream_name":"stdout","time":260.77262283,"data":"  ],\n"}
,{"stream_name":"stdout","time":260.77262475,"data":"  \"started\": \"2026-09-11 13:45:47\",\n"}
,{"stream_name":"stdout","time":260.77262685,"data":"  \"bundle_sha256\": \"1d3029e4a01f77e2b8dd278425642495d3b04d834ea46bac796157da70d586cd\",\n"}
,{"stream_name":"stdout","time":260.772629,"data":"  \"pip\": {\n"}
,{"stream_name":"stdout","time":260.77263093,"data":"    \"torch_rc\": 0,\n"}
,{"stream_name":"stdout","time":260.77263298,"data":"    \"others_rc\": 0,\n"}
,{"stream_name":"stdout","time":260.77263499,"data":"    \"stderr_tail\": \"\"\n"}
,{"stream_name":"stdout","time":260.772637,"data":"  },\n"}
,{"stream_name":"stdout","time":260.77263885,"data":"  \"returncode\": 0,\n"}
,{"stream_name":"stdout","time":260.77264075,"data":"  \"job_seconds\": 176.7,\n"}
,{"stream_name":"stdout","time":260.77264271,"data":"  \"job_torch_threads\": 4,\n"}
,{"stream_name":"stdout","time":260.77264471,"data":"  \"imported_versions\": \"{\\\"python\\\": \\\"3.12.13\\\", \\\"torch\\\": \\\"2.12.0+cpu\\\", \\\"threads\\\": 2, \\\"numpy\\\": \\\"2.3.2\\\", \\\"scikit-learn\\\": \\\"1.8.0\\\", \\\"pandas\\\": \\\"3.0.2\\\", \\\"scipy\\\": \\\"1.17.1\\\", \\\"matplotlib\\\": \\\"3.10.8\\\"}\",\n"}
,{"stream_name":"stdout","time":260.77264929,"data":"  \"laptop_versions\": {\n"}
,{"stream_name":"stdout","time":260.77265133,"data":"    \"python\": \"3.13.7\",\n"}
,{"stream_name":"stdout","time":260.77265342,"data":"    \"torch\": \"2.12.0\",\n"}
,{"stream_name":"stdout","time":260.77265539,"data":"    \"numpy\": \"2.3.2\",\n"}
,{"stream_name":"stdout","time":260.77265877,"data":"    \"scikit-learn\": \"1.8.0\",\n"}
,{"stream_name":"stdout","time":260.77266249,"data":"    \"pandas\": \"3.0.2\",\n"}
,{"stream_name":"stdout","time":260.77266628,"data":"    \"scipy\": \"1.17.1\",\n"}
,{"stream_name":"stdout","time":260.77266993,"data":"    \"matplotlib\": \"3.10.8\"\n"}
,{"stream_name":"stdout","time":260.77267327,"data":"  },\n"}
,{"stream_name":"stdout","time":260.77267702,"data":"  \"bundle_commit\": \"6d8e41e8b19213128b54ad653defec1129f29aaf\",\n"}
,{"stream_name":"stdout","time":260.77268086,"data":"  \"cpu_model\": \"AMD EPYC 7B12\",\n"}
,{"stream_name":"stdout","time":260.77268453,"data":"  \"platform\": \"Linux-6.12.90+-x86_64-with-glibc2.35\",\n"}
,{"stream_name":"stdout","time":260.77268805,"data":"  \"finished\": \"2026-09-11 13:50:07\",\n"}
,{"stream_name":"stdout","time":260.77269144,"data":"  \"total_seconds\": 259.8\n"}
,{"stream_name":"stdout","time":260.77269475,"data":"}\n"}
,{"stream_name":"stderr","time":262.755147726,"data":"/usr/local/lib/python3.12/dist-packages/mistune.py:435: SyntaxWarning: invalid escape sequence '\\|'\n"}
,{"stream_name":"stderr","time":262.755193176,"data":"  cells[i][c] = re.sub('\\\\\\\\\\|', '|', cell)\n"}
,{"stream_name":"stderr","time":262.977472956,"data":"/usr/local/lib/python3.12/dist-packages/nbconvert/filters/filter_links.py:36: SyntaxWarning: invalid escape sequence '\\_'\n"}
,{"stream_name":"stderr","time":262.977507516,"data":"  text = re.sub(r'_', '\\_', text) # Escape underscores in display text\n"}
,{"stream_name":"stderr","time":263.563029535,"data":"[NbConvertApp] Converting notebook __script__.ipynb to html\n"}
,{"stream_name":"stderr","time":264.717035543,"data":"[NbConvertApp] Writing 303284 bytes to __results__.html\n"}
]