[{"stream_name":"stdout","time":8522.396831217,"data":"{\n"}
,{"stream_name":"stdout","time":8522.39714749,"data":"  \"job\": \"paysim-grid-dtcn\",\n"}
,{"stream_name":"stdout","time":8522.397158903,"data":"  \"cmd\": [\n"}
,{"stream_name":"stdout","time":8522.397163514,"data":"    \"experiments/entity_temporal_grid.py\",\n"}
,{"stream_name":"stdout","time":8522.397167676,"data":"    \"--dataset\",\n"}
,{"stream_name":"stdout","time":8522.397171561,"data":"    \"paysim\",\n"}
,{"stream_name":"stdout","time":8522.397175664,"data":"    \"--archs\",\n"}
,{"stream_name":"stdout","time":8522.397179123,"data":"    \"dtcn\",\n"}
,{"stream_name":"stdout","time":8522.397181603,"data":"    \"--out\",\n"}
,{"stream_name":"stdout","time":8522.397185281,"data":"    \"paysim_temporal_grid_dtcn.json\"\n"}
,{"stream_name":"stdout","time":8522.397189216,"data":"  ],\n"}
,{"stream_name":"stdout","time":8522.397192956,"data":"  \"started\": \"2026-09-11 14:24:24\",\n"}
,{"stream_name":"stdout","time":8522.397197268,"data":"  \"bundle_sha256\": \"1d3029e4a01f77e2b8dd278425642495d3b04d834ea46bac796157da70d586cd\",\n"}
,{"stream_name":"stdout","time":8522.397201766,"data":"  \"pip\": {\n"}
,{"stream_name":"stdout","time":8522.397205647,"data":"    \"torch_rc\": 0,\n"}
,{"stream_name":"stdout","time":8522.397209751,"data":"    \"others_rc\": 0,\n"}
,{"stream_name":"stdout","time":8522.397213981,"data":"    \"stderr_tail\": \"\"\n"}
,{"stream_name":"stdout","time":8522.397218266,"data":"  },\n"}
,{"stream_name":"stdout","time":8522.397222001,"data":"  \"returncode\": 0,\n"}
,{"stream_name":"stdout","time":8522.39722599,"data":"  \"job_seconds\": 8373.0,\n"}
,{"stream_name":"stdout","time":8522.397230029,"data":"  \"job_torch_threads\": 4,\n"}
,{"stream_name":"stdout","time":8522.397234224,"data":"  \"imported_versions\": \"{\\\"python\\\": \\\"3.12.13\\\", \\\"torch\\\": \\\"2.12.0+cpu\\\", \\\"threads\\\": 2, \\\"numpy\\\": \\\"2.3.2\\\", \\\"scikit-learn\\\": \\\"1.8.0\\\", \\\"pandas\\\": \\\"3.0.2\\\", \\\"scipy\\\": \\\"1.17.1\\\", \\\"matplotlib\\\": \\\"3.10.8\\\"}\",\n"}
,{"stream_name":"stdout","time":8522.397242557,"data":"  \"laptop_versions\": {\n"}
,{"stream_name":"stdout","time":8522.397246467,"data":"    \"python\": \"3.13.7\",\n"}
,{"stream_name":"stdout","time":8522.397250512,"data":"    \"torch\": \"2.12.0\",\n"}
,{"stream_name":"stdout","time":8522.397254839,"data":"    \"numpy\": \"2.3.2\",\n"}
,{"stream_name":"stdout","time":8522.397258854,"data":"    \"scikit-learn\": \"1.8.0\",\n"}
,{"stream_name":"stdout","time":8522.397262975,"data":"    \"pandas\": \"3.0.2\",\n"}
,{"stream_name":"stdout","time":8522.397266959,"data":"    \"scipy\": \"1.17.1\",\n"}
,{"stream_name":"stdout","time":8522.397270854,"data":"    \"matplotlib\": \"3.10.8\"\n"}
,{"stream_name":"stdout","time":8522.397274598,"data":"  },\n"}
,{"stream_name":"stdout","time":8522.397277009,"data":"  \"bundle_commit\": \"6d8e41e8b19213128b54ad653defec1129f29aaf\",\n"}
,{"stream_name":"stdout","time":8522.397280835,"data":"  \"cpu_model\": \"Intel(R) Xeon(R) CPU @ 2.20GHz\",\n"}
,{"stream_name":"stdout","time":8522.397284919,"data":"  \"platform\": \"Linux-6.12.90+-x86_64-with-glibc2.35\",\n"}
,{"stream_name":"stdout","time":8522.397289274,"data":"  \"finished\": \"2026-09-11 16:46:25\",\n"}
,{"stream_name":"stdout","time":8522.397293549,"data":"  \"total_seconds\": 8520.8\n"}
,{"stream_name":"stdout","time":8522.397297789,"data":"}\n"}
,{"stream_name":"stderr","time":8525.503482944,"data":"/usr/local/lib/python3.12/dist-packages/mistune.py:435: SyntaxWarning: invalid escape sequence '\\|'\n"}
,{"stream_name":"stderr","time":8525.50354864,"data":"  cells[i][c] = re.sub('\\\\\\\\\\|', '|', cell)\n"}
,{"stream_name":"stderr","time":8525.974653427,"data":"/usr/local/lib/python3.12/dist-packages/nbconvert/filters/filter_links.py:36: SyntaxWarning: invalid escape sequence '\\_'\n"}
,{"stream_name":"stderr","time":8525.974691581,"data":"  text = re.sub(r'_', '\\_', text) # Escape underscores in display text\n"}
,{"stream_name":"stderr","time":8526.921626391,"data":"[NbConvertApp] Converting notebook __script__.ipynb to html\n"}
,{"stream_name":"stderr","time":8528.955859726,"data":"[NbConvertApp] Writing 303275 bytes to __results__.html\n"}
]