[{"stream_name":"stdout","time":3219.398958442,"data":"{\n"}
,{"stream_name":"stdout","time":3219.399251882,"data":"  \"job\": \"paysim-grid-resnet\",\n"}
,{"stream_name":"stdout","time":3219.399259132,"data":"  \"cmd\": [\n"}
,{"stream_name":"stdout","time":3219.399262982,"data":"    \"experiments/entity_temporal_grid.py\",\n"}
,{"stream_name":"stdout","time":3219.399267032,"data":"    \"--dataset\",\n"}
,{"stream_name":"stdout","time":3219.399270342,"data":"    \"paysim\",\n"}
,{"stream_name":"stdout","time":3219.399274162,"data":"    \"--archs\",\n"}
,{"stream_name":"stdout","time":3219.399277692,"data":"    \"resnet\",\n"}
,{"stream_name":"stdout","time":3219.399281202,"data":"    \"--out\",\n"}
,{"stream_name":"stdout","time":3219.399284752,"data":"    \"paysim_temporal_grid_resnet.json\"\n"}
,{"stream_name":"stdout","time":3219.399287972,"data":"  ],\n"}
,{"stream_name":"stdout","time":3219.399291572,"data":"  \"started\": \"2026-09-11 14:58:01\",\n"}
,{"stream_name":"stdout","time":3219.399295152,"data":"  \"bundle_sha256\": \"1d3029e4a01f77e2b8dd278425642495d3b04d834ea46bac796157da70d586cd\",\n"}
,{"stream_name":"stdout","time":3219.399298802,"data":"  \"pip\": {\n"}
,{"stream_name":"stdout","time":3219.399302372,"data":"    \"torch_rc\": 0,\n"}
,{"stream_name":"stdout","time":3219.399305942,"data":"    \"others_rc\": 0,\n"}
,{"stream_name":"stdout","time":3219.399309262,"data":"    \"stderr_tail\": \"\"\n"}
,{"stream_name":"stdout","time":3219.399312402,"data":"  },\n"}
,{"stream_name":"stdout","time":3219.399315672,"data":"  \"returncode\": 0,\n"}
,{"stream_name":"stdout","time":3219.399319602,"data":"  \"job_seconds\": 3136.6,\n"}
,{"stream_name":"stdout","time":3219.399323272,"data":"  \"job_torch_threads\": 4,\n"}
,{"stream_name":"stdout","time":3219.399326982,"data":"  \"imported_versions\": \"{\\\"python\\\": \\\"3.12.13\\\", \\\"torch\\\": \\\"2.12.0+cpu\\\", \\\"threads\\\": 2, \\\"numpy\\\": \\\"2.3.2\\\", \\\"scikit-learn\\\": \\\"1.8.0\\\", \\\"pandas\\\": \\\"3.0.2\\\", \\\"scipy\\\": \\\"1.17.1\\\", \\\"matplotlib\\\": \\\"3.10.8\\\"}\",\n"}
,{"stream_name":"stdout","time":3219.399334182,"data":"  \"laptop_versions\": {\n"}
,{"stream_name":"stdout","time":3219.399337772,"data":"    \"python\": \"3.13.7\",\n"}
,{"stream_name":"stdout","time":3219.399341702,"data":"    \"torch\": \"2.12.0\",\n"}
,{"stream_name":"stdout","time":3219.399345452,"data":"    \"numpy\": \"2.3.2\",\n"}
,{"stream_name":"stdout","time":3219.399348722,"data":"    \"scikit-learn\": \"1.8.0\",\n"}
,{"stream_name":"stdout","time":3219.399352342,"data":"    \"pandas\": \"3.0.2\",\n"}
,{"stream_name":"stdout","time":3219.399356172,"data":"    \"scipy\": \"1.17.1\",\n"}
,{"stream_name":"stdout","time":3219.399359863,"data":"    \"matplotlib\": \"3.10.8\"\n"}
,{"stream_name":"stdout","time":3219.399363403,"data":"  },\n"}
,{"stream_name":"stdout","time":3219.399366992,"data":"  \"bundle_commit\": \"6d8e41e8b19213128b54ad653defec1129f29aaf\",\n"}
,{"stream_name":"stdout","time":3219.399370812,"data":"  \"cpu_model\": \"AMD EPYC 7B12\",\n"}
,{"stream_name":"stdout","time":3219.399374372,"data":"  \"platform\": \"Linux-6.12.90+-x86_64-with-glibc2.35\",\n"}
,{"stream_name":"stdout","time":3219.399377932,"data":"  \"finished\": \"2026-09-11 15:51:40\",\n"}
,{"stream_name":"stdout","time":3219.399381663,"data":"  \"total_seconds\": 3218.8\n"}
,{"stream_name":"stdout","time":3219.399385492,"data":"}\n"}
,{"stream_name":"stderr","time":3221.304760401,"data":"/usr/local/lib/python3.12/dist-packages/mistune.py:435: SyntaxWarning: invalid escape sequence '\\|'\n"}
,{"stream_name":"stderr","time":3221.304818291,"data":"  cells[i][c] = re.sub('\\\\\\\\\\|', '|', cell)\n"}
,{"stream_name":"stderr","time":3221.545443628,"data":"/usr/local/lib/python3.12/dist-packages/nbconvert/filters/filter_links.py:36: SyntaxWarning: invalid escape sequence '\\_'\n"}
,{"stream_name":"stderr","time":3221.545473148,"data":"  text = re.sub(r'_', '\\_', text) # Escape underscores in display text\n"}
,{"stream_name":"stderr","time":3222.15599499,"data":"[NbConvertApp] Converting notebook __script__.ipynb to html\n"}
,{"stream_name":"stderr","time":3223.265776654,"data":"[NbConvertApp] Writing 303281 bytes to __results__.html\n"}
]