[kaggle_job] torch threads = 4
======================================================================
  TASK C — SCALABILITY OF CONTRIBUTION ATTRIBUTION (exact vs MC Shapley)
  exact n=[3, 4, 5, 6, 7, 8, 9, 10, 11, 12]
  mc    n=[3, 4, 5, 6, 7, 8, 9, 10, 11, 12, 14, 16, 18, 20]  (mc_samples=200, truncation=off)
  equal-shard=8000/org  epochs=10  n_val=400
======================================================================
[C]  shared val set: 400 samples, 200 fraud (50.0%) — fraud-stratified for meaningful Shapley
[C]  training equal-shard pool of 20 orgs (8000 samples each) …
[C]    trained Bank01  (8000 samples, 15 fraud, σ=0.00)  bal-acc=56.59%
[C]    trained Bank03  (8000 samples, 15 fraud, σ=1.00)  bal-acc=52.28%
[C]    trained Bank06  (8000 samples, 15 fraud, σ=0.50)  bal-acc=53.66%
[C]    trained Bank09  (8000 samples, 15 fraud, σ=0.00)  bal-acc=54.50%
[C]    trained Bank12  (8000 samples, 15 fraud, σ=1.50)  bal-acc=55.25%
[C]    trained Bank15  (8000 samples, 15 fraud, σ=1.00)  bal-acc=54.13%
[C]    trained Bank18  (8000 samples, 15 fraud, σ=0.50)  bal-acc=57.61%
[C]  n= 3  exact=   0.114s (    7 cval)  mc=  0.122s (   7 cval)  speedup=   0.9x  L1=0.024  ρ=+0.50  top1=OK
[C]  n= 4  exact=   0.245s (   15 cval)  mc=  0.249s (  15 cval)  speedup=   1.0x  L1=0.144  ρ=+1.00  top1=OK
[C]  n= 5  exact=   0.508s (   31 cval)  mc=  0.516s (  31 cval)  speedup=   1.0x  L1=0.215  ρ=+0.30  top1=x
[C]  n= 6  exact=   1.040s (   63 cval)  mc=  1.043s (  63 cval)  speedup=   1.0x  L1=0.229  ρ=+0.77  top1=x
[C]  n= 7  exact=   2.090s (  127 cval)  mc=  2.146s ( 127 cval)  speedup=   1.0x  L1=0.218  ρ=+0.50  top1=x
[C]  n= 8  exact=   4.321s (  255 cval)  mc=  4.202s ( 249 cval)  speedup=   1.0x  L1=0.180  ρ=+0.02  top1=x
[C]  n= 9  exact=   8.657s (  511 cval)  mc=  7.672s ( 451 cval)  speedup=   1.1x  L1=0.243  ρ=+0.18  top1=x
[C]  n=10  exact=  17.439s ( 1023 cval)  mc= 11.845s ( 697 cval)  speedup=   1.5x  L1=0.211  ρ=+0.56  top1=OK
[C]  n=11  exact=  34.729s ( 2047 cval)  mc= 16.508s ( 965 cval)  speedup=   2.1x  L1=0.113  ρ=+0.23  top1=x
[C]  n=12  exact=  69.570s ( 4095 cval)  mc= 21.473s (1265 cval)  speedup=   3.2x  L1=0.247  ρ=+0.41  top1=x
[C]  n=14  exact=SKIPPED (2^n=16383 coalitions)        mc= 59.245s (1820 cval)
[C]  n=16  exact=SKIPPED (2^n=65535 coalitions)        mc= 39.702s (2321 cval)
[C]  n=18  exact=SKIPPED (2^n=262143 coalitions)        mc= 47.861s (2778 cval)
[C]  n=20  exact=SKIPPED (2^n=1048575 coalitions)        mc= 56.066s (3247 cval)
[C]  dilution regime — splitting full train pool across n=[3, 5, 8, 12] …
[C]  dilution n= 3  ~646161 samples/org  global bal-acc=92.52%
[C]  dilution n= 5  ~387696 samples/org  global bal-acc=89.43%
[C]  dilution n= 8  ~242310 samples/org  global bal-acc=85.91%
[C]  dilution n=12  ~161540 samples/org  global bal-acc=88.72%

[C]  done in 12723.7s
[C]  saved /tmp/repo/db_boa_framework/results/scalability_sweep_paysim_stratified.json
[C]  saved /tmp/repo/db_boa_framework/results/scalability_shapley_runtime_paysim_stratified.png
[C]  saved /tmp/repo/db_boa_framework/results/scalability_fidelity_accuracy_paysim_stratified.png
[C]  wrote draft → /tmp/repo/final_report_data/TASKC_scalability_results_paysim_stratified.md
