interpreter : C:\Users\Shadman\AppData\Local\Programs\Python\Python313\python.exe
armed       : 2026-09-11 23:02:21
waiting for pid 7400 (ULB runner) to exit ...
CPU free    : pid 7400 exited by 2026-09-12 04:03:27
approved    : pre-registration found APPROVED at 2026-09-12 04:03:27
preflight OK  torch 2.12.0+cpu  default threads 4

OBJ-16 Handbook suite, started 2026-09-12 04:03:37

=== byzantine_robustness_sweep_stratified  (2026-09-12 04:03:37) ===
    OK    byzantine_robustness_sweep_stratified  (06:11:00)

=== economic_byzantine_sweep_stratified  (2026-09-12 06:11:01) ===
    OK    economic_byzantine_sweep_stratified  (07:18:19)

=== private_incentive_sweep_stratified  (2026-09-12 07:18:19) ===
    OK    private_incentive_sweep_stratified  (08:27:31)

=== baselines_stratified  (2026-09-12 08:27:31) ===
    OK    baselines_stratified  (10:27:44)

=== byzantine_robustness_sweep_customer  (2026-09-12 10:27:44) ===
    OK    byzantine_robustness_sweep_customer  (12:23:32)

=== economic_byzantine_sweep_customer  (2026-09-12 12:23:32) ===
    OK    economic_byzantine_sweep_customer  (13:17:34)

=== private_incentive_sweep_customer  (2026-09-12 13:17:34) ===
    OK    private_incentive_sweep_customer  (14:09:21)

=== baselines_customer  (2026-09-12 14:09:21) ===
    OK    baselines_customer  (16:01:56)

=== temporal_grid  (2026-09-12 16:01:56) ===
    OK    temporal_grid  (16:02:18)

=== scalability_sweep_stratified  (2026-09-12 16:02:18) ===
    OK    scalability_sweep_stratified  (19:38:06)

=== scalability_sweep_customer  (2026-09-12 19:38:06) ===
    OK    scalability_sweep_customer  (23:53:13)

OBJ-16 Handbook suite finished 2026-09-12 23:53:13
all steps completed
