======================================================================
  TASK D — STATISTICAL BYZANTINE FAULT TOLERANCE (Krum at f ≥ 1)
  regimes=[(5, 1, 1), (7, 2, 2)]  attacks=['sign-flip', 'scaled', 'gaussian', 'label-flip']  epochs=12
======================================================================

[D]  ── regime n=5, f=1, attackers=1 (n≥2f+3 ⇒ 5 ≥ 5) ──
[D]  n=5 trained honest Bank01  bal-acc=60.74%
[D]  n=5 trained honest Bank02  bal-acc=59.28%
[D]  n=5 trained honest Bank03  bal-acc=59.50%
[D]  n=5 trained honest Bank04  bal-acc=59.34%
[D]  n=5 trained honest Bank05  bal-acc=58.00%
[D]  n=5 f=1  sign-flip  Krum→Bank04  attacker REJECTED ✓  krum=63.1%  fedavg=63.5%  Δ=-0.4%
[D]  n=5 f=1  scaled     Krum→Bank04  attacker REJECTED ✓  krum=63.1%  fedavg=60.7%  Δ=+2.4%
[D]  n=5 f=1  gaussian   Krum→Bank04  attacker REJECTED ✓  krum=63.1%  fedavg=60.8%  Δ=+2.4%
[D]  n=5 f=1  label-flip Krum→Bank05  attacker SELECTED ✗ (attack won)  krum=40.7%  fedavg=64.0%  Δ=-23.3%

[D]  ── regime n=7, f=2, attackers=2 (n≥2f+3 ⇒ 7 ≥ 7) ──
[D]  n=7 trained honest Bank01  bal-acc=59.44%
[D]  n=7 trained honest Bank02  bal-acc=59.51%
[D]  n=7 trained honest Bank03  bal-acc=60.43%
[D]  n=7 trained honest Bank04  bal-acc=58.60%
[D]  n=7 trained honest Bank05  bal-acc=60.29%
[D]  n=7 trained honest Bank06  bal-acc=58.79%
[D]  n=7 trained honest Bank07  bal-acc=57.09%
[D]  n=7 f=2  sign-flip  Krum→Bank05  attacker REJECTED ✓  krum=59.9%  fedavg=63.7%  Δ=-3.9%
[D]  n=7 f=2  scaled     Krum→Bank05  attacker REJECTED ✓  krum=59.9%  fedavg=56.7%  Δ=+3.1%
[D]  n=7 f=2  gaussian   Krum→Bank05  attacker REJECTED ✓  krum=59.9%  fedavg=55.4%  Δ=+4.4%
[D]  n=7 f=2  label-flip Krum→Bank07  attacker SELECTED ✗ (attack won)  krum=44.9%  fedavg=62.4%  Δ=-17.6%

[D]  done in 7632.4s
[D]  saved D:\THESIS\FINAL PROJECT\DB-BOA-FEL-ADTCN-Hyperledger-Fabric-main\db_boa_framework\results\byzantine_robustness_sweep_handbook_stratified.json
[D]  saved D:\THESIS\FINAL PROJECT\DB-BOA-FEL-ADTCN-Hyperledger-Fabric-main\db_boa_framework\results\byzantine_robustness_krum_vs_fedavg_handbook_stratified.png
[D]  wrote draft → D:\THESIS\FINAL PROJECT\DB-BOA-FEL-ADTCN-Hyperledger-Fabric-main\final_report_data\TASKD_byzantine_robustness_results_handbook_stratified.md
