[{"stream_name":"stdout","time":655.183761311,"data":"{\n"}
,{"stream_name":"stdout","time":655.184097818,"data":"  \"job\": \"amlsim-baselines-stratified\",\n"}
,{"stream_name":"stdout","time":655.184108574,"data":"  \"cmd\": [\n"}
,{"stream_name":"stdout","time":655.184114051,"data":"    \"run_baselines.py\",\n"}
,{"stream_name":"stdout","time":655.184117822,"data":"    \"--dataset\",\n"}
,{"stream_name":"stdout","time":655.184121281,"data":"    \"amlsim\",\n"}
,{"stream_name":"stdout","time":655.184124825,"data":"    \"--partition\",\n"}
,{"stream_name":"stdout","time":655.184129314,"data":"    \"stratified\",\n"}
,{"stream_name":"stdout","time":655.184132997,"data":"    \"--filters\",\n"}
,{"stream_name":"stdout","time":655.1841365,"data":"    \"32\",\n"}
,{"stream_name":"stdout","time":655.184149071,"data":"    \"--out\",\n"}
,{"stream_name":"stdout","time":655.184152944,"data":"    \"baselines_amlsim_stratified.json\"\n"}
,{"stream_name":"stdout","time":655.184156587,"data":"  ],\n"}
,{"stream_name":"stdout","time":655.184160372,"data":"  \"started\": \"2026-09-11 13:27:22\",\n"}
,{"stream_name":"stdout","time":655.184164791,"data":"  \"bundle_sha256\": \"1d3029e4a01f77e2b8dd278425642495d3b04d834ea46bac796157da70d586cd\",\n"}
,{"stream_name":"stdout","time":655.18416996,"data":"  \"pip\": {\n"}
,{"stream_name":"stdout","time":655.184173621,"data":"    \"torch_rc\": 0,\n"}
,{"stream_name":"stdout","time":655.184177377,"data":"    \"others_rc\": 0,\n"}
,{"stream_name":"stdout","time":655.184181062,"data":"    \"stderr_tail\": \"\"\n"}
,{"stream_name":"stdout","time":655.184185758,"data":"  },\n"}
,{"stream_name":"stdout","time":655.184189971,"data":"  \"returncode\": 0,\n"}
,{"stream_name":"stdout","time":655.184194506,"data":"  \"job_seconds\": 556.9,\n"}
,{"stream_name":"stdout","time":655.184199165,"data":"  \"job_torch_threads\": 4,\n"}
,{"stream_name":"stdout","time":655.184203707,"data":"  \"imported_versions\": \"{\\\"python\\\": \\\"3.12.13\\\", \\\"torch\\\": \\\"2.12.0+cpu\\\", \\\"threads\\\": 2, \\\"numpy\\\": \\\"2.3.2\\\", \\\"scikit-learn\\\": \\\"1.8.0\\\", \\\"pandas\\\": \\\"3.0.2\\\", \\\"scipy\\\": \\\"1.17.1\\\", \\\"matplotlib\\\": \\\"3.10.8\\\"}\",\n"}
,{"stream_name":"stdout","time":655.184212398,"data":"  \"laptop_versions\": {\n"}
,{"stream_name":"stdout","time":655.184216953,"data":"    \"python\": \"3.13.7\",\n"}
,{"stream_name":"stdout","time":655.184220658,"data":"    \"torch\": \"2.12.0\",\n"}
,{"stream_name":"stdout","time":655.184224885,"data":"    \"numpy\": \"2.3.2\",\n"}
,{"stream_name":"stdout","time":655.184234625,"data":"    \"scikit-learn\": \"1.8.0\",\n"}
,{"stream_name":"stdout","time":655.184238934,"data":"    \"pandas\": \"3.0.2\",\n"}
,{"stream_name":"stdout","time":655.184243411,"data":"    \"scipy\": \"1.17.1\",\n"}
,{"stream_name":"stdout","time":655.184248156,"data":"    \"matplotlib\": \"3.10.8\"\n"}
,{"stream_name":"stdout","time":655.184252057,"data":"  },\n"}
,{"stream_name":"stdout","time":655.184255797,"data":"  \"bundle_commit\": \"6d8e41e8b19213128b54ad653defec1129f29aaf\",\n"}
,{"stream_name":"stdout","time":655.184260353,"data":"  \"cpu_model\": \"Intel(R) Xeon(R) CPU @ 2.20GHz\",\n"}
,{"stream_name":"stdout","time":655.184265217,"data":"  \"platform\": \"Linux-6.12.90+-x86_64-with-glibc2.35\",\n"}
,{"stream_name":"stdout","time":655.184269718,"data":"  \"finished\": \"2026-09-11 13:38:16\",\n"}
,{"stream_name":"stdout","time":655.184273937,"data":"  \"total_seconds\": 654.3\n"}
,{"stream_name":"stdout","time":655.1842776,"data":"}\n"}
,{"stream_name":"stderr","time":657.705623692,"data":"/usr/local/lib/python3.12/dist-packages/mistune.py:435: SyntaxWarning: invalid escape sequence '\\|'\n"}
,{"stream_name":"stderr","time":657.705692368,"data":"  cells[i][c] = re.sub('\\\\\\\\\\|', '|', cell)\n"}
,{"stream_name":"stderr","time":658.000237283,"data":"/usr/local/lib/python3.12/dist-packages/nbconvert/filters/filter_links.py:36: SyntaxWarning: invalid escape sequence '\\_'\n"}
,{"stream_name":"stderr","time":658.000274169,"data":"  text = re.sub(r'_', '\\_', text) # Escape underscores in display text\n"}
,{"stream_name":"stderr","time":658.793840684,"data":"[NbConvertApp] Converting notebook __script__.ipynb to html\n"}
,{"stream_name":"stderr","time":660.314346009,"data":"[NbConvertApp] Writing 303556 bytes to __results__.html\n"}
]