[{"stream_name":"stdout","time":3255.160030958,"data":"{\n"}
,{"stream_name":"stdout","time":3255.160169636,"data":"  \"job\": \"paysim-private-incentive-stratified\",\n"}
,{"stream_name":"stdout","time":3255.160177276,"data":"  \"cmd\": [\n"}
,{"stream_name":"stdout","time":3255.160180368,"data":"    \"experiments/private_incentive_sweep.py\",\n"}
,{"stream_name":"stdout","time":3255.160183036,"data":"    \"--dataset\",\n"}
,{"stream_name":"stdout","time":3255.160185468,"data":"    \"paysim\",\n"}
,{"stream_name":"stdout","time":3255.160187857,"data":"    \"--partition\",\n"}
,{"stream_name":"stdout","time":3255.16019028,"data":"    \"stratified\"\n"}
,{"stream_name":"stdout","time":3255.160193929,"data":"  ],\n"}
,{"stream_name":"stdout","time":3255.160197676,"data":"  \"started\": \"2026-09-11 12:29:26\",\n"}
,{"stream_name":"stdout","time":3255.160201603,"data":"  \"bundle_sha256\": \"1d3029e4a01f77e2b8dd278425642495d3b04d834ea46bac796157da70d586cd\",\n"}
,{"stream_name":"stdout","time":3255.160205897,"data":"  \"pip\": {\n"}
,{"stream_name":"stdout","time":3255.160209528,"data":"    \"torch_rc\": 0,\n"}
,{"stream_name":"stdout","time":3255.160213296,"data":"    \"others_rc\": 0,\n"}
,{"stream_name":"stdout","time":3255.16021697,"data":"    \"stderr_tail\": \"\"\n"}
,{"stream_name":"stdout","time":3255.160220914,"data":"  },\n"}
,{"stream_name":"stdout","time":3255.160224886,"data":"  \"returncode\": 0,\n"}
,{"stream_name":"stdout","time":3255.160228636,"data":"  \"job_seconds\": 3150.6,\n"}
,{"stream_name":"stdout","time":3255.160232423,"data":"  \"job_torch_threads\": 4,\n"}
,{"stream_name":"stdout","time":3255.160236584,"data":"  \"imported_versions\": \"{\\\"python\\\": \\\"3.12.13\\\", \\\"torch\\\": \\\"2.12.0+cpu\\\", \\\"threads\\\": 2, \\\"numpy\\\": \\\"2.3.2\\\", \\\"scikit-learn\\\": \\\"1.8.0\\\", \\\"pandas\\\": \\\"3.0.2\\\", \\\"scipy\\\": \\\"1.17.1\\\", \\\"matplotlib\\\": \\\"3.10.8\\\"}\",\n"}
,{"stream_name":"stdout","time":3255.160243825,"data":"  \"laptop_versions\": {\n"}
,{"stream_name":"stdout","time":3255.160247677,"data":"    \"python\": \"3.13.7\",\n"}
,{"stream_name":"stdout","time":3255.160251481,"data":"    \"torch\": \"2.12.0\",\n"}
,{"stream_name":"stdout","time":3255.160255243,"data":"    \"numpy\": \"2.3.2\",\n"}
,{"stream_name":"stdout","time":3255.160259278,"data":"    \"scikit-learn\": \"1.8.0\",\n"}
,{"stream_name":"stdout","time":3255.160263063,"data":"    \"pandas\": \"3.0.2\",\n"}
,{"stream_name":"stdout","time":3255.160266806,"data":"    \"scipy\": \"1.17.1\",\n"}
,{"stream_name":"stdout","time":3255.160270595,"data":"    \"matplotlib\": \"3.10.8\"\n"}
,{"stream_name":"stdout","time":3255.160274398,"data":"  },\n"}
,{"stream_name":"stdout","time":3255.160277986,"data":"  \"bundle_commit\": \"6d8e41e8b19213128b54ad653defec1129f29aaf\",\n"}
,{"stream_name":"stdout","time":3255.160282122,"data":"  \"cpu_model\": \"Intel(R) Xeon(R) CPU @ 2.20GHz\",\n"}
,{"stream_name":"stdout","time":3255.160285335,"data":"  \"platform\": \"Linux-6.12.90+-x86_64-with-glibc2.35\",\n"}
,{"stream_name":"stdout","time":3255.160288767,"data":"  \"finished\": \"2026-09-11 13:23:41\",\n"}
,{"stream_name":"stdout","time":3255.16029286,"data":"  \"total_seconds\": 3254.2\n"}
,{"stream_name":"stdout","time":3255.160296743,"data":"}\n"}
,{"stream_name":"stderr","time":3257.722740011,"data":"/usr/local/lib/python3.12/dist-packages/mistune.py:435: SyntaxWarning: invalid escape sequence '\\|'\n"}
,{"stream_name":"stderr","time":3257.722824645,"data":"  cells[i][c] = re.sub('\\\\\\\\\\|', '|', cell)\n"}
,{"stream_name":"stderr","time":3258.033993478,"data":"/usr/local/lib/python3.12/dist-packages/nbconvert/filters/filter_links.py:36: SyntaxWarning: invalid escape sequence '\\_'\n"}
,{"stream_name":"stderr","time":3258.034069278,"data":"  text = re.sub(r'_', '\\_', text) # Escape underscores in display text\n"}
,{"stream_name":"stderr","time":3258.797032258,"data":"[NbConvertApp] Converting notebook __script__.ipynb to html\n"}
,{"stream_name":"stderr","time":3260.332942778,"data":"[NbConvertApp] Writing 303150 bytes to __results__.html\n"}
]