[{"stream_name":"stdout","time":434.813685119,"data":"{\n"}
,{"stream_name":"stdout","time":434.814646819,"data":"  \"job\": \"amlsim-grid-lstm\",\n"}
,{"stream_name":"stdout","time":434.814651669,"data":"  \"cmd\": [\n"}
,{"stream_name":"stdout","time":434.814654119,"data":"    \"experiments/entity_temporal_grid.py\",\n"}
,{"stream_name":"stdout","time":434.814656329,"data":"    \"--dataset\",\n"}
,{"stream_name":"stdout","time":434.814658599,"data":"    \"amlsim\",\n"}
,{"stream_name":"stdout","time":434.814660629,"data":"    \"--archs\",\n"}
,{"stream_name":"stdout","time":434.814662519,"data":"    \"lstm\",\n"}
,{"stream_name":"stdout","time":434.814664429,"data":"    \"--out\",\n"}
,{"stream_name":"stdout","time":434.814666339,"data":"    \"amlsim_temporal_grid_lstm.json\"\n"}
,{"stream_name":"stdout","time":434.814668409,"data":"  ],\n"}
,{"stream_name":"stdout","time":434.814670329,"data":"  \"started\": \"2026-09-11 16:09:35\",\n"}
,{"stream_name":"stdout","time":434.814672409,"data":"  \"bundle_sha256\": \"1d3029e4a01f77e2b8dd278425642495d3b04d834ea46bac796157da70d586cd\",\n"}
,{"stream_name":"stdout","time":434.814674509,"data":"  \"pip\": {\n"}
,{"stream_name":"stdout","time":434.814676469,"data":"    \"torch_rc\": 0,\n"}
,{"stream_name":"stdout","time":434.814679209,"data":"    \"others_rc\": 0,\n"}
,{"stream_name":"stdout","time":434.814681219,"data":"    \"stderr_tail\": \"\"\n"}
,{"stream_name":"stdout","time":434.814683209,"data":"  },\n"}
,{"stream_name":"stdout","time":434.814685139,"data":"  \"returncode\": 0,\n"}
,{"stream_name":"stdout","time":434.814687099,"data":"  \"job_seconds\": 336.9,\n"}
,{"stream_name":"stdout","time":434.814689059,"data":"  \"job_torch_threads\": 4,\n"}
,{"stream_name":"stdout","time":434.814691089,"data":"  \"imported_versions\": \"{\\\"python\\\": \\\"3.12.13\\\", \\\"torch\\\": \\\"2.12.0+cpu\\\", \\\"threads\\\": 2, \\\"numpy\\\": \\\"2.3.2\\\", \\\"scikit-learn\\\": \\\"1.8.0\\\", \\\"pandas\\\": \\\"3.0.2\\\", \\\"scipy\\\": \\\"1.17.1\\\", \\\"matplotlib\\\": \\\"3.10.8\\\"}\",\n"}
,{"stream_name":"stdout","time":434.814696229,"data":"  \"laptop_versions\": {\n"}
,{"stream_name":"stdout","time":434.814698189,"data":"    \"python\": \"3.13.7\",\n"}
,{"stream_name":"stdout","time":434.814700219,"data":"    \"torch\": \"2.12.0\",\n"}
,{"stream_name":"stdout","time":434.814702129,"data":"    \"numpy\": \"2.3.2\",\n"}
,{"stream_name":"stdout","time":434.814704059,"data":"    \"scikit-learn\": \"1.8.0\",\n"}
,{"stream_name":"stdout","time":434.814706019,"data":"    \"pandas\": \"3.0.2\",\n"}
,{"stream_name":"stdout","time":434.814707919,"data":"    \"scipy\": \"1.17.1\",\n"}
,{"stream_name":"stdout","time":434.814709809,"data":"    \"matplotlib\": \"3.10.8\"\n"}
,{"stream_name":"stdout","time":434.814711759,"data":"  },\n"}
,{"stream_name":"stdout","time":434.814713619,"data":"  \"bundle_commit\": \"6d8e41e8b19213128b54ad653defec1129f29aaf\",\n"}
,{"stream_name":"stdout","time":434.814715659,"data":"  \"cpu_model\": \"AMD EPYC 7B12\",\n"}
,{"stream_name":"stdout","time":434.814717649,"data":"  \"platform\": \"Linux-6.12.90+-x86_64-with-glibc2.35\",\n"}
,{"stream_name":"stdout","time":434.814719789,"data":"  \"finished\": \"2026-09-11 16:16:49\",\n"}
,{"stream_name":"stdout","time":434.814721849,"data":"  \"total_seconds\": 433.8\n"}
,{"stream_name":"stdout","time":434.814723799,"data":"}\n"}
,{"stream_name":"stderr","time":436.811786704,"data":"/usr/local/lib/python3.12/dist-packages/mistune.py:435: SyntaxWarning: invalid escape sequence '\\|'\n"}
,{"stream_name":"stderr","time":436.811837154,"data":"  cells[i][c] = re.sub('\\\\\\\\\\|', '|', cell)\n"}
,{"stream_name":"stderr","time":437.101393163,"data":"/usr/local/lib/python3.12/dist-packages/nbconvert/filters/filter_links.py:36: SyntaxWarning: invalid escape sequence '\\_'\n"}
,{"stream_name":"stderr","time":437.101447463,"data":"  text = re.sub(r'_', '\\_', text) # Escape underscores in display text\n"}
,{"stream_name":"stderr","time":437.735630734,"data":"[NbConvertApp] Converting notebook __script__.ipynb to html\n"}
,{"stream_name":"stderr","time":438.989351682,"data":"[NbConvertApp] Writing 303419 bytes to __results__.html\n"}
]