[{"stream_name":"stdout","time":546.833035965,"data":"{\n"}
,{"stream_name":"stdout","time":546.833119195,"data":"  \"job\": \"amlsim-byzantine-robustness-stratified\",\n"}
,{"stream_name":"stdout","time":546.833125005,"data":"  \"cmd\": [\n"}
,{"stream_name":"stdout","time":546.833129155,"data":"    \"experiments/byzantine_robustness_sweep.py\",\n"}
,{"stream_name":"stdout","time":546.833132795,"data":"    \"--dataset\",\n"}
,{"stream_name":"stdout","time":546.833135805,"data":"    \"amlsim\",\n"}
,{"stream_name":"stdout","time":546.833138795,"data":"    \"--partition\",\n"}
,{"stream_name":"stdout","time":546.833141055,"data":"    \"stratified\"\n"}
,{"stream_name":"stdout","time":546.833143025,"data":"  ],\n"}
,{"stream_name":"stdout","time":546.833144955,"data":"  \"started\": \"2026-09-11 13:52:33\",\n"}
,{"stream_name":"stdout","time":546.833147095,"data":"  \"bundle_sha256\": \"1d3029e4a01f77e2b8dd278425642495d3b04d834ea46bac796157da70d586cd\",\n"}
,{"stream_name":"stdout","time":546.833150295,"data":"  \"pip\": {\n"}
,{"stream_name":"stdout","time":546.833153485,"data":"    \"torch_rc\": 0,\n"}
,{"stream_name":"stdout","time":546.833156995,"data":"    \"others_rc\": 0,\n"}
,{"stream_name":"stdout","time":546.833160305,"data":"    \"stderr_tail\": \"\"\n"}
,{"stream_name":"stdout","time":546.833163895,"data":"  },\n"}
,{"stream_name":"stdout","time":546.833167535,"data":"  \"returncode\": 0,\n"}
,{"stream_name":"stdout","time":546.833170955,"data":"  \"job_seconds\": 416.7,\n"}
,{"stream_name":"stdout","time":546.833174355,"data":"  \"job_torch_threads\": 4,\n"}
,{"stream_name":"stdout","time":546.833177955,"data":"  \"imported_versions\": \"{\\\"python\\\": \\\"3.12.13\\\", \\\"torch\\\": \\\"2.12.0+cpu\\\", \\\"threads\\\": 2, \\\"numpy\\\": \\\"2.3.2\\\", \\\"scikit-learn\\\": \\\"1.8.0\\\", \\\"pandas\\\": \\\"3.0.2\\\", \\\"scipy\\\": \\\"1.17.1\\\", \\\"matplotlib\\\": \\\"3.10.8\\\"}\",\n"}
,{"stream_name":"stdout","time":546.833184895,"data":"  \"laptop_versions\": {\n"}
,{"stream_name":"stdout","time":546.833188015,"data":"    \"python\": \"3.13.7\",\n"}
,{"stream_name":"stdout","time":546.833191285,"data":"    \"torch\": \"2.12.0\",\n"}
,{"stream_name":"stdout","time":546.833194495,"data":"    \"numpy\": \"2.3.2\",\n"}
,{"stream_name":"stdout","time":546.833197665,"data":"    \"scikit-learn\": \"1.8.0\",\n"}
,{"stream_name":"stdout","time":546.833200925,"data":"    \"pandas\": \"3.0.2\",\n"}
,{"stream_name":"stdout","time":546.833204145,"data":"    \"scipy\": \"1.17.1\",\n"}
,{"stream_name":"stdout","time":546.833207365,"data":"    \"matplotlib\": \"3.10.8\"\n"}
,{"stream_name":"stdout","time":546.833210625,"data":"  },\n"}
,{"stream_name":"stdout","time":546.833213665,"data":"  \"bundle_commit\": \"6d8e41e8b19213128b54ad653defec1129f29aaf\",\n"}
,{"stream_name":"stdout","time":546.833217085,"data":"  \"cpu_model\": \"AMD EPYC 7B12\",\n"}
,{"stream_name":"stdout","time":546.833220355,"data":"  \"platform\": \"Linux-6.12.90+-x86_64-with-glibc2.35\",\n"}
,{"stream_name":"stdout","time":546.833223765,"data":"  \"finished\": \"2026-09-11 14:01:38\",\n"}
,{"stream_name":"stdout","time":546.833227035,"data":"  \"total_seconds\": 545.5\n"}
,{"stream_name":"stdout","time":546.833230275,"data":"}\n"}
,{"stream_name":"stderr","time":549.616863977,"data":"/usr/local/lib/python3.12/dist-packages/mistune.py:435: SyntaxWarning: invalid escape sequence '\\|'\n"}
,{"stream_name":"stderr","time":549.616974987,"data":"  cells[i][c] = re.sub('\\\\\\\\\\|', '|', cell)\n"}
,{"stream_name":"stderr","time":550.070545233,"data":"/usr/local/lib/python3.12/dist-packages/nbconvert/filters/filter_links.py:36: SyntaxWarning: invalid escape sequence '\\_'\n"}
,{"stream_name":"stderr","time":550.070627253,"data":"  text = re.sub(r'_', '\\_', text) # Escape underscores in display text\n"}
,{"stream_name":"stderr","time":550.917736348,"data":"[NbConvertApp] Converting notebook __script__.ipynb to html\n"}
,{"stream_name":"stderr","time":552.753545551,"data":"[NbConvertApp] Writing 303300 bytes to __results__.html\n"}
]