[{"stream_name":"stdout","time":230.233858117,"data":"{\n"}
,{"stream_name":"stdout","time":230.23391883,"data":"  \"job\": \"paysim-smoke\",\n"}
,{"stream_name":"stdout","time":230.233924358,"data":"  \"cmd\": [\n"}
,{"stream_name":"stdout","time":230.233928278,"data":"    \"experiments/entity_temporal_grid.py\",\n"}
,{"stream_name":"stdout","time":230.233932023,"data":"    \"--dataset\",\n"}
,{"stream_name":"stdout","time":230.233936142,"data":"    \"paysim\",\n"}
,{"stream_name":"stdout","time":230.233939837,"data":"    \"--quick\",\n"}
,{"stream_name":"stdout","time":230.233950143,"data":"    \"--archs\",\n"}
,{"stream_name":"stdout","time":230.233953556,"data":"    \"cnn\",\n"}
,{"stream_name":"stdout","time":230.233957493,"data":"    \"--with-reference\",\n"}
,{"stream_name":"stdout","time":230.233961777,"data":"    \"--out\",\n"}
,{"stream_name":"stdout","time":230.233965608,"data":"    \"paysim_temporal_grid_quick.json\"\n"}
,{"stream_name":"stdout","time":230.233969546,"data":"  ],\n"}
,{"stream_name":"stdout","time":230.233973471,"data":"  \"started\": \"2026-09-11 12:18:55\",\n"}
,{"stream_name":"stdout","time":230.23397792,"data":"  \"bundle_sha256\": \"1d3029e4a01f77e2b8dd278425642495d3b04d834ea46bac796157da70d586cd\",\n"}
,{"stream_name":"stdout","time":230.233982266,"data":"  \"pip\": {\n"}
,{"stream_name":"stdout","time":230.233985896,"data":"    \"torch_rc\": 0,\n"}
,{"stream_name":"stdout","time":230.233989783,"data":"    \"others_rc\": 0,\n"}
,{"stream_name":"stdout","time":230.23399351,"data":"    \"stderr_tail\": \"\"\n"}
,{"stream_name":"stdout","time":230.23399763,"data":"  },\n"}
,{"stream_name":"stdout","time":230.234001572,"data":"  \"returncode\": 0,\n"}
,{"stream_name":"stdout","time":230.234005405,"data":"  \"job_seconds\": 118.3,\n"}
,{"stream_name":"stdout","time":230.23403125,"data":"  \"job_torch_threads\": 4,\n"}
,{"stream_name":"stdout","time":230.234036632,"data":"  \"imported_versions\": \"{\\\"python\\\": \\\"3.12.13\\\", \\\"torch\\\": \\\"2.12.0+cpu\\\", \\\"threads\\\": 2, \\\"numpy\\\": \\\"2.3.2\\\", \\\"scikit-learn\\\": \\\"1.8.0\\\", \\\"pandas\\\": \\\"3.0.2\\\", \\\"scipy\\\": \\\"1.17.1\\\", \\\"matplotlib\\\": \\\"3.10.8\\\"}\",\n"}
,{"stream_name":"stdout","time":230.234044367,"data":"  \"laptop_versions\": {\n"}
,{"stream_name":"stdout","time":230.23404821,"data":"    \"python\": \"3.13.7\",\n"}
,{"stream_name":"stdout","time":230.234056791,"data":"    \"torch\": \"2.12.0\",\n"}
,{"stream_name":"stdout","time":230.2340604,"data":"    \"numpy\": \"2.3.2\",\n"}
,{"stream_name":"stdout","time":230.234064028,"data":"    \"scikit-learn\": \"1.8.0\",\n"}
,{"stream_name":"stdout","time":230.234068215,"data":"    \"pandas\": \"3.0.2\",\n"}
,{"stream_name":"stdout","time":230.234072309,"data":"    \"scipy\": \"1.17.1\",\n"}
,{"stream_name":"stdout","time":230.234075882,"data":"    \"matplotlib\": \"3.10.8\"\n"}
,{"stream_name":"stdout","time":230.23408014,"data":"  },\n"}
,{"stream_name":"stdout","time":230.234084057,"data":"  \"bundle_commit\": \"6d8e41e8b19213128b54ad653defec1129f29aaf\",\n"}
,{"stream_name":"stdout","time":230.234088369,"data":"  \"cpu_model\": \"Intel(R) Xeon(R) CPU @ 2.20GHz\",\n"}
,{"stream_name":"stdout","time":230.234092184,"data":"  \"platform\": \"Linux-6.12.90+-x86_64-with-glibc2.35\",\n"}
,{"stream_name":"stdout","time":230.234096252,"data":"  \"finished\": \"2026-09-11 12:22:44\",\n"}
,{"stream_name":"stdout","time":230.234100462,"data":"  \"total_seconds\": 229.2\n"}
,{"stream_name":"stdout","time":230.234104885,"data":"}\n"}
,{"stream_name":"stderr","time":232.813816577,"data":"/usr/local/lib/python3.12/dist-packages/mistune.py:435: SyntaxWarning: invalid escape sequence '\\|'\n"}
,{"stream_name":"stderr","time":232.813879631,"data":"  cells[i][c] = re.sub('\\\\\\\\\\|', '|', cell)\n"}
,{"stream_name":"stderr","time":233.119091606,"data":"/usr/local/lib/python3.12/dist-packages/nbconvert/filters/filter_links.py:36: SyntaxWarning: invalid escape sequence '\\_'\n"}
,{"stream_name":"stderr","time":233.119123176,"data":"  text = re.sub(r'_', '\\_', text) # Escape underscores in display text\n"}
,{"stream_name":"stderr","time":233.902605461,"data":"[NbConvertApp] Converting notebook __script__.ipynb to html\n"}
,{"stream_name":"stderr","time":235.577262088,"data":"[NbConvertApp] Writing 303416 bytes to __results__.html\n"}
]