[{"stream_name":"stdout","time":14861.461995162,"data":"{\n"}
,{"stream_name":"stdout","time":14861.46222821,"data":"  \"job\": \"handbook-grid-efficientnet\",\n"}
,{"stream_name":"stdout","time":14861.462239292,"data":"  \"cmd\": [\n"}
,{"stream_name":"stdout","time":14861.462243805,"data":"    \"experiments/handbook_temporal_grid.py\",\n"}
,{"stream_name":"stdout","time":14861.462247467,"data":"    \"--archs\",\n"}
,{"stream_name":"stdout","time":14861.462251019,"data":"    \"efficientnet\",\n"}
,{"stream_name":"stdout","time":14861.46225449,"data":"    \"--out\",\n"}
,{"stream_name":"stdout","time":14861.462258567,"data":"    \"handbook_temporal_grid_efficientnet.json\",\n"}
,{"stream_name":"stdout","time":14861.462262537,"data":"    \"--skip-reference\"\n"}
,{"stream_name":"stdout","time":14861.462266437,"data":"  ],\n"}
,{"stream_name":"stdout","time":14861.462269993,"data":"  \"started\": \"2026-09-12 04:55:26\",\n"}
,{"stream_name":"stdout","time":14861.462273993,"data":"  \"bundle_sha256\": \"53e62e9bb69a65e5f6fa181753085e95acdaca89035d79180fac60555a1f2ed6\",\n"}
,{"stream_name":"stdout","time":14861.462278221,"data":"  \"pip\": {\n"}
,{"stream_name":"stdout","time":14861.46228118,"data":"    \"torch_rc\": 0,\n"}
,{"stream_name":"stdout","time":14861.462283631,"data":"    \"others_rc\": 0,\n"}
,{"stream_name":"stdout","time":14861.462286228,"data":"    \"stderr_tail\": \"\"\n"}
,{"stream_name":"stdout","time":14861.462288848,"data":"  },\n"}
,{"stream_name":"stdout","time":14861.462291155,"data":"  \"returncode\": 0,\n"}
,{"stream_name":"stdout","time":14861.462293779,"data":"  \"job_seconds\": 14757.4,\n"}
,{"stream_name":"stdout","time":14861.462296123,"data":"  \"job_torch_threads\": 4,\n"}
,{"stream_name":"stdout","time":14861.462298962,"data":"  \"imported_versions\": \"{\\\"python\\\": \\\"3.12.13\\\", \\\"torch\\\": \\\"2.12.0+cpu\\\", \\\"threads\\\": 2, \\\"numpy\\\": \\\"2.3.2\\\", \\\"scikit-learn\\\": \\\"1.8.0\\\", \\\"pandas\\\": \\\"3.0.2\\\", \\\"scipy\\\": \\\"1.17.1\\\", \\\"matplotlib\\\": \\\"3.10.8\\\"}\",\n"}
,{"stream_name":"stdout","time":14861.462304697,"data":"  \"laptop_versions\": {\n"}
,{"stream_name":"stdout","time":14861.462307453,"data":"    \"python\": \"3.13.7\",\n"}
,{"stream_name":"stdout","time":14861.462310087,"data":"    \"torch\": \"2.12.0\",\n"}
,{"stream_name":"stdout","time":14861.462312831,"data":"    \"numpy\": \"2.3.2\",\n"}
,{"stream_name":"stdout","time":14861.46231528,"data":"    \"scikit-learn\": \"1.8.0\",\n"}
,{"stream_name":"stdout","time":14861.462318472,"data":"    \"pandas\": \"3.0.2\",\n"}
,{"stream_name":"stdout","time":14861.462320838,"data":"    \"scipy\": \"1.17.1\",\n"}
,{"stream_name":"stdout","time":14861.462323213,"data":"    \"matplotlib\": \"3.10.8\"\n"}
,{"stream_name":"stdout","time":14861.462325648,"data":"  },\n"}
,{"stream_name":"stdout","time":14861.462327906,"data":"  \"bundle_commit\": \"6d8e41e8b19213128b54ad653defec1129f29aaf\",\n"}
,{"stream_name":"stdout","time":14861.462330643,"data":"  \"cpu_model\": \"Intel(R) Xeon(R) CPU @ 2.20GHz\",\n"}
,{"stream_name":"stdout","time":14861.462333215,"data":"  \"platform\": \"Linux-6.12.90+-x86_64-with-glibc2.35\",\n"}
,{"stream_name":"stdout","time":14861.462335727,"data":"  \"finished\": \"2026-09-12 09:03:07\",\n"}
,{"stream_name":"stdout","time":14861.462338219,"data":"  \"total_seconds\": 14860.7\n"}
,{"stream_name":"stdout","time":14861.462340847,"data":"}\n"}
,{"stream_name":"stderr","time":14864.362122078,"data":"/usr/local/lib/python3.12/dist-packages/mistune.py:435: SyntaxWarning: invalid escape sequence '\\|'\n"}
,{"stream_name":"stderr","time":14864.362229081,"data":"  cells[i][c] = re.sub('\\\\\\\\\\|', '|', cell)\n"}
,{"stream_name":"stderr","time":14864.695375068,"data":"/usr/local/lib/python3.12/dist-packages/nbconvert/filters/filter_links.py:36: SyntaxWarning: invalid escape sequence '\\_'\n"}
,{"stream_name":"stderr","time":14864.695424412,"data":"  text = re.sub(r'_', '\\_', text) # Escape underscores in display text\n"}
,{"stream_name":"stderr","time":14865.537501596,"data":"[NbConvertApp] Converting notebook __script__.ipynb to html\n"}
,{"stream_name":"stderr","time":14867.378730592,"data":"[NbConvertApp] Writing 303216 bytes to __results__.html\n"}
]