[{"stream_name":"stdout","time":353.227363124,"data":"{\n"}
,{"stream_name":"stdout","time":353.229613024,"data":"  \"job\": \"amlsim-economic-byzantine-stratified\",\n"}
,{"stream_name":"stdout","time":353.229620998,"data":"  \"cmd\": [\n"}
,{"stream_name":"stdout","time":353.229625555,"data":"    \"experiments/economic_byzantine_sweep.py\",\n"}
,{"stream_name":"stdout","time":353.229629965,"data":"    \"--dataset\",\n"}
,{"stream_name":"stdout","time":353.229634751,"data":"    \"amlsim\",\n"}
,{"stream_name":"stdout","time":353.229638806,"data":"    \"--partition\",\n"}
,{"stream_name":"stdout","time":353.229644755,"data":"    \"stratified\"\n"}
,{"stream_name":"stdout","time":353.229653518,"data":"  ],\n"}
,{"stream_name":"stdout","time":353.229673792,"data":"  \"started\": \"2026-09-11 14:04:58\",\n"}
,{"stream_name":"stdout","time":353.229679336,"data":"  \"bundle_sha256\": \"1d3029e4a01f77e2b8dd278425642495d3b04d834ea46bac796157da70d586cd\",\n"}
,{"stream_name":"stdout","time":353.229684272,"data":"  \"pip\": {\n"}
,{"stream_name":"stdout","time":353.229689181,"data":"    \"torch_rc\": 0,\n"}
,{"stream_name":"stdout","time":353.229694057,"data":"    \"others_rc\": 0,\n"}
,{"stream_name":"stdout","time":353.22969821,"data":"    \"stderr_tail\": \"\"\n"}
,{"stream_name":"stdout","time":353.229702266,"data":"  },\n"}
,{"stream_name":"stdout","time":353.229706048,"data":"  \"returncode\": 0,\n"}
,{"stream_name":"stdout","time":353.229710057,"data":"  \"job_seconds\": 257.0,\n"}
,{"stream_name":"stdout","time":353.229714052,"data":"  \"job_torch_threads\": 4,\n"}
,{"stream_name":"stdout","time":353.229718399,"data":"  \"imported_versions\": \"{\\\"python\\\": \\\"3.12.13\\\", \\\"torch\\\": \\\"2.12.0+cpu\\\", \\\"threads\\\": 2, \\\"numpy\\\": \\\"2.3.2\\\", \\\"scikit-learn\\\": \\\"1.8.0\\\", \\\"pandas\\\": \\\"3.0.2\\\", \\\"scipy\\\": \\\"1.17.1\\\", \\\"matplotlib\\\": \\\"3.10.8\\\"}\",\n"}
,{"stream_name":"stdout","time":353.22972636,"data":"  \"laptop_versions\": {\n"}
,{"stream_name":"stdout","time":353.229730534,"data":"    \"python\": \"3.13.7\",\n"}
,{"stream_name":"stdout","time":353.229734584,"data":"    \"torch\": \"2.12.0\",\n"}
,{"stream_name":"stdout","time":353.229738619,"data":"    \"numpy\": \"2.3.2\",\n"}
,{"stream_name":"stdout","time":353.229742566,"data":"    \"scikit-learn\": \"1.8.0\",\n"}
,{"stream_name":"stdout","time":353.229761516,"data":"    \"pandas\": \"3.0.2\",\n"}
,{"stream_name":"stdout","time":353.229780103,"data":"    \"scipy\": \"1.17.1\",\n"}
,{"stream_name":"stdout","time":353.229785025,"data":"    \"matplotlib\": \"3.10.8\"\n"}
,{"stream_name":"stdout","time":353.229790101,"data":"  },\n"}
,{"stream_name":"stdout","time":353.229794672,"data":"  \"bundle_commit\": \"6d8e41e8b19213128b54ad653defec1129f29aaf\",\n"}
,{"stream_name":"stdout","time":353.229799802,"data":"  \"cpu_model\": \"Intel(R) Xeon(R) CPU @ 2.20GHz\",\n"}
,{"stream_name":"stdout","time":353.229804006,"data":"  \"platform\": \"Linux-6.12.90+-x86_64-with-glibc2.35\",\n"}
,{"stream_name":"stdout","time":353.229808237,"data":"  \"finished\": \"2026-09-11 14:10:50\",\n"}
,{"stream_name":"stdout","time":353.229812609,"data":"  \"total_seconds\": 352.2\n"}
,{"stream_name":"stdout","time":353.229816631,"data":"}\n"}
,{"stream_name":"stderr","time":355.649293248,"data":"/usr/local/lib/python3.12/dist-packages/mistune.py:435: SyntaxWarning: invalid escape sequence '\\|'\n"}
,{"stream_name":"stderr","time":355.649351427,"data":"  cells[i][c] = re.sub('\\\\\\\\\\|', '|', cell)\n"}
,{"stream_name":"stderr","time":355.913250831,"data":"/usr/local/lib/python3.12/dist-packages/nbconvert/filters/filter_links.py:36: SyntaxWarning: invalid escape sequence '\\_'\n"}
,{"stream_name":"stderr","time":355.913302272,"data":"  text = re.sub(r'_', '\\_', text) # Escape underscores in display text\n"}
,{"stream_name":"stderr","time":356.668461595,"data":"[NbConvertApp] Converting notebook __script__.ipynb to html\n"}
,{"stream_name":"stderr","time":358.152901896,"data":"[NbConvertApp] Writing 303296 bytes to __results__.html\n"}
]