[kaggle_job] torch threads = 4
==============================================================================
  OBJ-16 (d) — HANDBOOK ENTITY-LINKED TEMPORAL GRID
  ordering x architecture   |  epochs=10  filters=32  seeds=[42, 7, 123]  batch=2048  threads=4
==============================================================================
[HANDBOOK] 1,754,155 transactions | 4,990 customers | 10,000 terminals | days 0-182
[HANDBOOK] fraud 14,681 (0.837 %)
  [  global] rows=1,754,155  features=35  P(fraud | prev row fraud)=0.0084  base=0.0084
  [customer] rows=1,754,155  features=35  P(fraud | prev row fraud)=0.1121  base=0.0084
  [terminal] rows=1,754,155  features=35  P(fraud | prev row fraud)=0.6034  base=0.0084
  integrity OK: all three arms train on 1,226,990 rows (9,991 fraud) and test on 354,643 rows (3,177 fraud)

      reference: skipped (--skip-reference; another part carries it)

              LSTM |   global-window  MCC=+0.1007 +/- 0.006  Prec=  4.8  Rec= 30.2  FP=19389  (572s/seed)
              LSTM | customer-window  MCC=+0.1498 +/- 0.019  Prec=  7.6  Rec= 36.4  FP=14595  (575s/seed)
              LSTM | terminal-window  MCC=+0.0585 +/- 0.005  Prec=  2.3  Rec= 33.4  FP=44653  (576s/seed)

------------------------------------------------------------------------------
  customer-linked beats global for 1 of 1 architectures  (gain +0.0492 to +0.0492)
  terminal-linked beats global for 0 of 1 architectures  (gain -0.0422 to -0.0422)
  terminal gain > customer gain for 0 of 1
------------------------------------------------------------------------------

  wrote /tmp/repo/db_boa_framework/results/handbook_temporal_grid_lstm.json
