[{"stream_name":"stdout","time":1526.095613999,"data":"{\n"}
,{"stream_name":"stdout","time":1526.095905312,"data":"  \"job\": \"amlsim-grid-efficientnet\",\n"}
,{"stream_name":"stdout","time":1526.095915902,"data":"  \"cmd\": [\n"}
,{"stream_name":"stdout","time":1526.09592053,"data":"    \"experiments/entity_temporal_grid.py\",\n"}
,{"stream_name":"stdout","time":1526.095924702,"data":"    \"--dataset\",\n"}
,{"stream_name":"stdout","time":1526.095928775,"data":"    \"amlsim\",\n"}
,{"stream_name":"stdout","time":1526.095932686,"data":"    \"--archs\",\n"}
,{"stream_name":"stdout","time":1526.095936754,"data":"    \"efficientnet\",\n"}
,{"stream_name":"stdout","time":1526.095940663,"data":"    \"--out\",\n"}
,{"stream_name":"stdout","time":1526.095944758,"data":"    \"amlsim_temporal_grid_efficientnet.json\"\n"}
,{"stream_name":"stdout","time":1526.095948849,"data":"  ],\n"}
,{"stream_name":"stdout","time":1526.095952468,"data":"  \"started\": \"2026-09-11 17:01:59\",\n"}
,{"stream_name":"stdout","time":1526.095956973,"data":"  \"bundle_sha256\": \"1d3029e4a01f77e2b8dd278425642495d3b04d834ea46bac796157da70d586cd\",\n"}
,{"stream_name":"stdout","time":1526.095961081,"data":"  \"pip\": {\n"}
,{"stream_name":"stdout","time":1526.095965199,"data":"    \"torch_rc\": 0,\n"}
,{"stream_name":"stdout","time":1526.095969315,"data":"    \"others_rc\": 0,\n"}
,{"stream_name":"stdout","time":1526.095973221,"data":"    \"stderr_tail\": \"\"\n"}
,{"stream_name":"stdout","time":1526.095977936,"data":"  },\n"}
,{"stream_name":"stdout","time":1526.09598192,"data":"  \"returncode\": 0,\n"}
,{"stream_name":"stdout","time":1526.095986025,"data":"  \"job_seconds\": 1410.8,\n"}
,{"stream_name":"stdout","time":1526.095990051,"data":"  \"job_torch_threads\": 4,\n"}
,{"stream_name":"stdout","time":1526.095994201,"data":"  \"imported_versions\": \"{\\\"python\\\": \\\"3.12.13\\\", \\\"torch\\\": \\\"2.12.0+cpu\\\", \\\"threads\\\": 2, \\\"numpy\\\": \\\"2.3.2\\\", \\\"scikit-learn\\\": \\\"1.8.0\\\", \\\"pandas\\\": \\\"3.0.2\\\", \\\"scipy\\\": \\\"1.17.1\\\", \\\"matplotlib\\\": \\\"3.10.8\\\"}\",\n"}
,{"stream_name":"stdout","time":1526.096002126,"data":"  \"laptop_versions\": {\n"}
,{"stream_name":"stdout","time":1526.096006083,"data":"    \"python\": \"3.13.7\",\n"}
,{"stream_name":"stdout","time":1526.096010053,"data":"    \"torch\": \"2.12.0\",\n"}
,{"stream_name":"stdout","time":1526.09601447,"data":"    \"numpy\": \"2.3.2\",\n"}
,{"stream_name":"stdout","time":1526.096018514,"data":"    \"scikit-learn\": \"1.8.0\",\n"}
,{"stream_name":"stdout","time":1526.096022601,"data":"    \"pandas\": \"3.0.2\",\n"}
,{"stream_name":"stdout","time":1526.096026552,"data":"    \"scipy\": \"1.17.1\",\n"}
,{"stream_name":"stdout","time":1526.096030609,"data":"    \"matplotlib\": \"3.10.8\"\n"}
,{"stream_name":"stdout","time":1526.096034801,"data":"  },\n"}
,{"stream_name":"stdout","time":1526.096038535,"data":"  \"bundle_commit\": \"6d8e41e8b19213128b54ad653defec1129f29aaf\",\n"}
,{"stream_name":"stdout","time":1526.096042698,"data":"  \"cpu_model\": \"Intel(R) Xeon(R) CPU @ 2.20GHz\",\n"}
,{"stream_name":"stdout","time":1526.096047127,"data":"  \"platform\": \"Linux-6.12.90+-x86_64-with-glibc2.35\",\n"}
,{"stream_name":"stdout","time":1526.096050251,"data":"  \"finished\": \"2026-09-11 17:27:24\",\n"}
,{"stream_name":"stdout","time":1526.096054384,"data":"  \"total_seconds\": 1525.0\n"}
,{"stream_name":"stdout","time":1526.096058454,"data":"}\n"}
,{"stream_name":"stderr","time":1529.135046955,"data":"/usr/local/lib/python3.12/dist-packages/mistune.py:435: SyntaxWarning: invalid escape sequence '\\|'\n"}
,{"stream_name":"stderr","time":1529.135125267,"data":"  cells[i][c] = re.sub('\\\\\\\\\\|', '|', cell)\n"}
,{"stream_name":"stderr","time":1529.520274163,"data":"/usr/local/lib/python3.12/dist-packages/nbconvert/filters/filter_links.py:36: SyntaxWarning: invalid escape sequence '\\_'\n"}
,{"stream_name":"stderr","time":1529.520311727,"data":"  text = re.sub(r'_', '\\_', text) # Escape underscores in display text\n"}
,{"stream_name":"stderr","time":1530.404919266,"data":"[NbConvertApp] Converting notebook __script__.ipynb to html\n"}
,{"stream_name":"stderr","time":1532.222483315,"data":"[NbConvertApp] Writing 303443 bytes to __results__.html\n"}
]